******************************************************************************
               TMS320C6x Linker PC v7.4.11                     
******************************************************************************
>> Linked Wed Jan 14 09:37:36 2015

OUTPUT FILE NAME:   <mcbsp1.out>
ENTRY POINT SYMBOL: "_c_int00"  address: 0000efc0


MEMORY CONFIGURATION

         name            origin    length      used     unused   attr    fill
----------------------  --------  ---------  --------  --------  ----  --------
  PMEM                  00000000   00011000  00010e5c  000001a4  RWIX
  BMEM                  00011000   00030000  0000093a  0002f6c6  RWIX


SECTION ALLOCATION MAP

 output                                  attributes/
section   page    origin      length       input sections
--------  ----  ----------  ----------   ----------------
.text      0    00000000    0000f6e0     
                  00000000    00000bc0     lumatrixinv.obj (.text)
                  00000bc0    00000ba0     gpcregler.obj (.text)
                  00001760    00000980     main.obj (.text)
                  000020e0    00000900     MatrixVectorOp.obj (.text)
                  000029e0    00000720     MainLoop_Helper.obj (.text)
                  00003100    00000720     rts6700.lib : divd.obj (.text:__divd)
                  00003820    000006c0                 : _printfi.obj (.text:__getarg_diouxp)
                  00003ee0    00000640                 : _printfi.obj (.text:__setfield)
                  00004520    00000620     main.obj (.text:retain)
                  00004b40    00000560     rts6700.lib : _printfi.obj (.text:__printfi)
                  000050a0    000004c0                 : fputs.obj (.text:_fputs)
                  00005560    00000480     EDMA_Utility.obj (.text)
                  000059e0    00000480     dsk6713bsl.lib : dsk6713.obj (.text)
                  00005e60    00000420     rts6700.lib : _printfi.obj (.text:_fcvt)
                  00006280    00000400                 : _printfi.obj (.text:__pproc_fge)
                  00006680    00000400                 : _printfi.obj (.text:_ecvt)
                  00006a80    00000380     DAC7716.obj (.text)
                  00006e00    00000380     rts6700.lib : imath64.obj (.text:__divull)
                  00007180    00000380                 : memory.obj (.text:_free)
                  00007500    00000360     Command_Utility.obj (.text)
                  00007860    00000360     rts6700.lib : _printfi.obj (.text:__pconv_e)
                  00007bc0    00000360                 : _printfi.obj (.text:__pproc_fwp)
                  00007f20    00000360     enkoder.obj (.text)
                  00008280    00000300     rts6700.lib : divf.obj (.text:__divf)
                  00008580    00000300                 : _printfi.obj (.text:__pproc_diouxp)
                  00008880    000002c0                 : _printfi.obj (.text:__pproc_str)
                  00008b40    000002c0                 : setvbuf.obj (.text:_setvbuf)
                  00008e00    000002a0                 : _printfi.obj (.text:__pconv_g)
                  000090a0    000002a0                 : fputc.obj (.text:_fputc)
                  00009340    00000280     csl6713.lib : csl_edma.obj (.text:_EDMA_open)
                  000095c0    00000260     rts6700.lib : imath40.obj (.text:__divul)
                  00009820    00000240                 : _printfi.obj (.text:__mcpy)
                  00009a60    00000240                 : memory.obj (.text:_malloc)
                  00009ca0    00000240                 : memcpy62.obj (.text:_memcpy)
                  00009ee0    00000220                 : trgdrv.obj (.text:_HOSTrename)
                  0000a100    00000220     csl6713.lib : csl.obj (.text:__CSL_init)
                  0000a320    000000e0     rts6700.lib : fopen.obj (.text:__cleanup)
                  0000a400    00000200     vecs_irq.obj (.text:vecs)
                  0000a600    000001e0     I2C_Utility.obj (.text)
                  0000a7e0    000001e0     rts6700.lib : lowlev.obj (.text:_getdevice)
                  0000a9c0    000001e0     dsk6713bsl.lib : dsk6713_led.obj (.text)
                  0000aba0    000001c0     csl6713.lib : csl_i2c.obj (.text:_I2C_reset)
                  0000ad60    000001c0                 : csl_irq.obj (.text:_IRQ_map)
                  0000af20    000001c0     rts6700.lib : fseek.obj (.text:_fseek)
                  0000b0e0    000001c0     csl6713.lib : csl_irq.obj (.text:_mux2Tables)
                  0000b2a0    000001a0                 : csl_edma.obj (.text:_EDMA_allocTable)
                  0000b440    000001a0                 : csl_edma.obj (.text:_EDMA_resetAll)
                  0000b5e0    000001a0                 : csl_mcbsp.obj (.text:_MCBSP_reset)
                  0000b780    000001a0     rts6700.lib : _printfi.obj (.text:__ltostr)
                  0000b920    000001a0                 : _printfi.obj (.text:__pproc_fflags)
                  0000bac0    00000160                 : trgdrv.obj (.text:_HOSTlseek)
                  0000bc20    00000160                 : fclose.obj (.text:__closefile)
                  0000bd80    00000140     IRQ_Utility.obj (.text)
                  0000bec0    00000140     csl6713.lib : csl_edma.obj (.text:_EDMA_reset)
                  0000c000    00000140     rts6700.lib : trgdrv.obj (.text:_HOSTread)
                  0000c140    00000140     csl6713.lib : csl_timer.obj (.text:_TIMER_open)
                  0000c280    00000140     rts6700.lib : frcmpyd_div.obj (.text:__frcmpyd_div)
                  0000c3c0    00000140                 : strasg.obj (.text:__strasgi)
                  0000c500    00000140                 : atoi.obj (.text:_atoi)
                  0000c640    00000140                 : fflush.obj (.text:_fflush)
                  0000c780    00000140                 : ltoa.obj (.text:_ltoa)
                  0000c8c0    00000120                 : trgdrv.obj (.text:_HOSTopen)
                  0000c9e0    00000120                 : trgdrv.obj (.text:_HOSTwrite)
                  0000cb00    00000120     csl6713.lib : csl_timer.obj (.text:_TIMER_reset)
                  0000cc20    00000120     rts6700.lib : _io_perm.obj (.text:__wrt_ok)
                  0000cd40    00000120                 : lowlev.obj (.text:_close)
                  0000ce60    00000120                 : fprintf.obj (.text:_fprintf)
                  0000cf80    00000120                 : memset.obj (.text:_memset)
                  0000d0a0    00000100                 : trgdrv.obj (.text:_HOSTclose)
                  0000d1a0    00000100                 : trgdrv.obj (.text:_HOSTunlink)
                  0000d2a0    00000100     csl6713.lib : csl_i2c.obj (.text:_I2C_open)
                  0000d3a0    00000100                 : csl_mcbsp.obj (.text:_MCBSP_open)
                  0000d4a0    00000100                 : csl_mcbsp.obj (.text:_MCBSP_start)
                  0000d5a0    00000100     rts6700.lib : autoinit.obj (.text:__auto_init)
                  0000d6a0    00000100                 : _printfi.obj (.text:__div)
                  0000d7a0    00000100                 : imath40.obj (.text:__divli)
                  0000d8a0    00000100                 : _printfi.obj (.text:__pconv_f)
                  0000d9a0    00000100                 : lowlev.obj (.text:_lseek)
                  0000daa0    00000100                 : printf.obj (.text:_printf)
                  0000dba0    00000100                 : lowlev.obj (.text:_write)
                  0000dca0    000000e0                 : fflush.obj (.text:__doflush)
                  0000dd80    000000e0                 : _printfi.obj (.text:__ecpy)
                  0000de60    000000e0                 : _printfi.obj (.text:__fcpy)
                  0000df40    000000e0                 : strasg.obj (.text:__strasg)
                  0000e020    000000e0                 : exit.obj (.text:_exit)
                  0000e100    000000e0                 : memory.obj (.text:_minsert)
                  0000e1e0    000000e0                 : memory.obj (.text:_mremove)
                  0000e2c0    000000c0     csl6713.lib : csl_edma.obj (.text:_EDMA_clearPram)
                  0000e380    000000c0     rts6700.lib : divu.obj (.text:__divu)
                  0000e440    000000c0                 : cpy_tbl.obj (.text:_copy_in)
                  0000e500    000000c0                 : lowlev.obj (.text:_finddevice)
                  0000e5c0    000000a0     McBSP_Utility.obj (.text)
                  0000e660    000000a0     csl6713.lib : csl_edma.obj (.text:_EDMA_close)
                  0000e700    000000a0                 : csl_mcbsp.obj (.text:_MCBSP_close)
                  0000e7a0    000000a0                 : csl_irq.obj (.text:__IRQ_init)
                  0000e840    000000a0     rts6700.lib : fixdli.obj (.text:__fixdli)
                  0000e8e0    000000a0                 : fixfi.obj (.text:__fixfi)
                  0000e980    000000a0                 : mpyll.obj (.text:__mpyll)
                  0000ea20    000000a0                 : imath40.obj (.text:__remli)
                  0000eac0    000000a0                 : trgmsg.obj (.text:_readmsg)
                  0000eb60    000000a0     csl6713.lib : csl_irq.obj (.text:_setMux)
                  0000ec00    000000a0     rts6700.lib : lowlev.obj (.text:_unlink)
                  0000eca0    000000a0                 : trgmsg.obj (.text:_writemsg)
                  0000ed40    00000080     csl6713.lib : csl_edma.obj (.text:_EDMA_freeTable)
                  0000edc0    00000080     rts6700.lib : cpp_init.obj (.text:___TI_cpp_init)
                  0000ee40    00000080                 : assert.obj (.text:__abort_msg)
                  0000eec0    00000080                 : fltlid.obj (.text:__fltlid)
                  0000ef40    00000080                 : llshift.obj (.text:__llshl)
                  0000efc0    00000080                 : boot.obj (.text:_c_int00)
                  0000f040    00000080                 : memccpy.obj (.text:_memccpy)
                  0000f0c0    00000080     dsk6713bsl.lib : dsk6713_dip.obj (.text)
                  0000f140    00000060     csl6713.lib : csl_edma.obj (.text:_EDMA_disableChannel)
                  0000f1a0    00000060                 : csl_edma.obj (.text:_EDMA_enableChannel)
                  0000f200    00000060     rts6700.lib : isinf.obj (.text:___isinf)
                  0000f260    00000060                 : fltif.obj (.text:__fltif)
                  0000f2c0    00000060                 : llshift.obj (.text:__llshru)
                  0000f320    00000060                 : imath64.obj (.text:__subcull)
                  0000f380    00000040                 : _printfi.obj (.text:___isnan)
                  0000f3c0    00000040                 : args_main.obj (.text:__args_main)
                  0000f400    00000020     CPLD.obj (.text)
                  0000f420    00000020     csl6713.lib : csl.obj (.text:_CSL6713_LIB_)
                  0000f440    00000020                 : csl_irq.obj (.text:_IRQ_setVecs)
                  0000f460    00000020     rts6700.lib : addd.obj (.text:__addd)
                  0000f480    00000020                 : addf.obj (.text:__addf)
                  0000f4a0    00000020                 : cmpd.obj (.text:__cmpd)
                  0000f4c0    00000020                 : cmpf.obj (.text:__cmpf)
                  0000f4e0    00000020                 : cvtdf.obj (.text:__cvtdf)
                  0000f500    00000020                 : cvtfd.obj (.text:__cvtfd)
                  0000f520    00000020                 : mpyd.obj (.text:__mpyd)
                  0000f540    00000020                 : mpyf.obj (.text:__mpyf)
                  0000f560    00000020                 : negf.obj (.text:__negf)
                  0000f580    00000020                 : negll.obj (.text:__negll)
                  0000f5a0    00000020                 : _lock.obj (.text:__nop)
                  0000f5c0    00000020                 : fprintf.obj (.text:__outc)
                  0000f5e0    00000020                 : printf.obj (.text:__outc)
                  0000f600    00000020                 : fprintf.obj (.text:__outs)
                  0000f620    00000020                 : printf.obj (.text:__outs)
                  0000f640    00000020                 : subf.obj (.text:__subf)
                  0000f660    00000020                 : exit.obj (.text:_abort)
                  0000f680    00000020                 : remove.obj (.text:_remove)
                  0000f6a0    00000020     csl6713.lib : csl_irq.obj (.text)
                  0000f6c0    00000020     vecs_irq.obj (.text)

.stack     0    0000f6e0    00000800     UNINITIALIZED
                  0000f6e0    00000008     rts6700.lib : boot.obj (.stack)
                  0000f6e8    000007f8     --HOLE--

.far       0    0000fee0    0000077c     UNINITIALIZED
                  0000fee0    00000324     rts6700.lib : defs.obj (.far)
                  00010204    0000011c                 : lowlev.obj (.far)
                  00010320    000000f4     csl6713.lib : csl_irq.obj (.far)
                  00010414    000000be     main.obj (.far)
                  000104d2    00000002     dsk6713bsl.lib : dsk6713.obj (.far)
                  000104d4    00000054     csl6713.lib : csl_edma.obj (.far)
                  00010528    00000050     gpcregler.obj (.far)
                  00010578    00000038     csl6713.lib : csl_mcbsp.obj (.far)
                  000105b0    00000028                 : csl.obj (.far)
                  000105d8    00000028                 : csl_i2c.obj (.far)
                  00010600    00000024                 : csl_timer.obj (.far)
                  00010624    0000000e     Command_Utility.obj (.far)
                  00010632    00000002     dsk6713bsl.lib : dsk6713_led.obj (.far)
                  00010634    0000000c     rts6700.lib : exit.obj (.far)
                  00010640    00000008                 : _lock.obj (.far)
                  00010648    00000008                 : memory.obj (.far)
                  00010650    00000008                 : trgdrv.obj (.far)
                  00010658    00000004                 : fopen.obj (.far)

.cinit     0    00010660    0000077c     
                  00010660    0000015c     DAC7716.obj (.cinit)
                  000107bc    00000004     --HOLE-- [fill = 0]
                  000107c0    0000012c     csl6713.lib : csl_irq.obj (.cinit)
                  000108ec    00000004     --HOLE-- [fill = 0]
                  000108f0    00000124     main.obj (.cinit)
                  00010a14    00000004     --HOLE-- [fill = 0]
                  00010a18    000000ac     MainLoop_Helper.obj (.cinit)
                  00010ac4    00000004     --HOLE-- [fill = 0]
                  00010ac8    00000070     csl6713.lib : csl_edma.obj (.cinit)
                  00010b38    0000005c     rts6700.lib : defs.obj (.cinit)
                  00010b94    00000004     --HOLE-- [fill = 0]
                  00010b98    0000005c                 : lowlev.obj (.cinit)
                  00010bf4    00000004     --HOLE-- [fill = 0]
                  00010bf8    00000054     csl6713.lib : csl_mcbsp.obj (.cinit)
                  00010c4c    00000004     --HOLE-- [fill = 0]
                  00010c50    0000004c                 : csl_timer.obj (.cinit)
                  00010c9c    00000004     --HOLE-- [fill = 0]
                  00010ca0    0000003c                 : csl.obj (.cinit)
                  00010cdc    00000004     --HOLE-- [fill = 0]
                  00010ce0    00000030                 : csl_i2c.obj (.cinit)
                  00010d10    0000002c     rts6700.lib : exit.obj (.cinit)
                  00010d3c    00000004     --HOLE-- [fill = 0]
                  00010d40    0000002c                 : memory.obj (.cinit)
                  00010d6c    00000004     --HOLE-- [fill = 0]
                  00010d70    00000024     Command_Utility.obj (.cinit)
                  00010d94    00000004     --HOLE-- [fill = 0]
                  00010d98    0000001c     rts6700.lib : _lock.obj (.cinit)
                  00010db4    00000004     --HOLE-- [fill = 0]
                  00010db8    0000000c                 : fopen.obj (.cinit)
                  00010dc4    00000004     --HOLE-- [fill = 0]
                  00010dc8    0000000c     timer.obj (.cinit)
                  00010dd4    00000004     --HOLE-- [fill = 0]
                  00010dd8    00000004     (.pad.cinit) [fill = 0]

.buffers   0    00010e00    00000084     UNINITIALIZED
                  00010e00    00000084     main.obj (.buffers)

.data      0    00011000    00000000     UNINITIALIZED

.sysmem    0    00011000    00000400     UNINITIALIZED
                  00011000    00000008     rts6700.lib : memory.obj (.sysmem)
                  00011008    000003f8     --HOLE--

.const     0    00011400    000002e6     
                  00011400    00000101     rts6700.lib : ctype.obj (.const:.string:__ctypes_)
                  00011501    00000003                 : assert.obj (.const:.string)
                  00011504    0000008c     MatrixVectorOp.obj (.const:.string)
                  00011590    0000004c     lumatrixinv.obj (.const:.string)
                  000115dc    00000040     DAC7716.obj (.const:.string)
                  0001161c    00000040     I2C_Utility.obj (.const)
                  0001165c    0000002c     MainLoop_Helper.obj (.const:.string)
                  00011688    00000023     rts6700.lib : _printfi.obj (.const:.string)
                  000116ab    00000001     --HOLE-- [fill = 0]
                  000116ac    00000020     dsk6713bsl.lib : dsk6713.obj (.const)
                  000116cc    00000010     I2C_Utility.obj (.const:.string)
                  000116dc    00000008     Command_Utility.obj (.const:.string)
                  000116e4    00000002     rts6700.lib : fputs.obj (.const:.string)

.cio       0    000116e8    00000120     UNINITIALIZED
                  000116e8    00000120     rts6700.lib : trgmsg.obj (.cio)

.bss       0    00011808    000000f4     UNINITIALIZED
                  00011808    00000058     DAC7716.obj (.bss)
                  00011860    00000054     main.obj (.bss)
                  000118b4    00000038     MainLoop_Helper.obj (.bss)
                  000118ec    0000000c     timer.obj (.bss)
                  000118f8    00000004     Command_Utility.obj (.bss)

.switch    0    000118fc    00000040     
                  000118fc    00000030     Command_Utility.obj (.switch:_AnalyzeCommands)
                  0001192c    00000010     DAC7716.obj (.switch:_DAC_Prepare_EDMA)


GLOBAL SYMBOLS: SORTED ALPHABETICALLY BY Name 

address    name
--------   ----
00011808   $bss
00011808   .bss
00011000   .data
00000000   .text
0000f660   C$$EXIT
0000ed18   C$$IO$$
00011884   _ADCCounter
000077c4   _AnalyzeCommands
0000f400   _CPLD_WriteMisc
0000f420   _CSL6713_LIB_
00001138   _CalcArixOutput
00001620   _CalcArxOutput
00000d64   _CalcClearArx
00000eb4   _CalcQT
00000c10   _CalcRefModelOutput
00001444   _CalculateGPC
000076e0   _CommandEngine
000076cc   _Copy16Bit
00007670   _CopyString
000118bc   _CurrentU
000118b4   _CurrentY
00006da0   _DAC_Fill_Values_With_Zeros
00006c80   _DAC_Prepare_EDMA
00006b4c   _DAC_Prepare_Frame
00006b30   _DAC_Update_Channel_To_Send
0000f0c8   _DSK6713_DIP_get
0000f0c0   _DSK6713_DIP_init
0000a9c0   _DSK6713_LED_init
0000aa00   _DSK6713_LED_off
0000aa70   _DSK6713_LED_on
0000aae0   _DSK6713_LED_toggle
00005df4   _DSK6713_getVersion
00005a2c   _DSK6713_init
00005d48   _DSK6713_rget
00005d5c   _DSK6713_rset
000104d2   _DSK6713_version
00005d70   _DSK6713_wait
00005dc8   _DSK6713_waitusec
00007608   _DownloadCommand
000059b4   _EDMAADCConfOpt
000059a4   _EDMADACConfOpt
0000b2a0   _EDMA_allocTable
0000e2c0   _EDMA_clearPram
0000e660   _EDMA_close
0000f140   _EDMA_disableChannel
0000f1a0   _EDMA_enableChannel
0000ed40   _EDMA_freeTable
00009340   _EDMA_open
0000bec0   _EDMA_reset
0000b440   _EDMA_resetAll
00005994   _EDMI2CRecConfOpt
00005984   _EDMI2CTransConfOpt
00010444   _EncMeasurement
000081f0   _Enc_Are_Both_Enc_Fresh
000081a0   _Enc_Compute_Values
00008100   _Enc_Fill_With_Zeros
00002d78   _Enc_PrepareFreshOutput
0000756c   _Enc_ReadEnc
000080c0   _Enc_Refresh_Bytes
00002d50   _Enc_SendOrder
00008074   _Enc_Unfresh_All
00002c84   _Enc_WaitForFreshInput
00008020   _Encoder_Are_Bytes_Fresh
00007fac   _Encoder_Compute_Value
00007f34   _Encoder_Fill_With_Zeros
00007f20   _Encoder_Unfresh
00000bc0   _FillQ
0000d0a0   _HOSTclose
0000bac0   _HOSTlseek
0000c8c0   _HOSTopen
0000c000   _HOSTread
00009ee0   _HOSTrename
0000d1a0   _HOSTunlink
0000c9e0   _HOSTwrite
0000a6d4   _I2C_InterruptsRoutine
0000a660   _I2C_PrepareMasterConfigStruct
0000a600   _I2C_PrepareSlaveConfigStruct
0000a7ac   _I2C_Send_Polling
0000d2a0   _I2C_open
0000aba0   _I2C_reset
0000ad60   _IRQ_map
0000f440   _IRQ_setVecs
000017dc   _Initialize
00001760   _Intialize_Chipset
0000e700   _MCBSP_close
0000d3a0   _MCBSP_open
0000b5e0   _MCBSP_reset
0000d4a0   _MCBSP_start
00002be4   _ML_CheckSwitch
00002b20   _ML_ExitProcedure
00002a24   _ML_PrepareFreshOutput
000029e0   _ML_ShowGoodbyeMsg
0000292c   _MatrixMult
0000e610   _Polling_Single_Receive
0000e5c0   _Polling_Transmit
00006a80   _PrintfDACTransferInfo
0000759c   _ProcessReceivedData
00007500   _RemoveCompletedCommand
0000c140   _TIMER_open
0000cb00   _TIMER_reset
000020b8   _TimerEventHandler
000118f8   _WelcomeStringLength
000116e8   __CIOBUF_
0000a100   __CSL_init
0001040c   __IRQ_dispatchTable
00010348   __IRQ_eventTable
0000f6a0   __IRQ_hookFetchPacket
0000e7a0   __IRQ_init
000103cc   __IRQ_intTable
000105a8   __MCBSP_hDev0
000105ac   __MCBSP_hDev1
0000fee0   __STACK_END
00000800   __STACK_SIZE
00000400   __SYSMEM_SIZE
00010600   __TIMER_deviceTable
00010620   __TIMER_hBios
00010618   __TIMER_hDev0
0001061c   __TIMER_hDev1
00000001   __TI_args_main
0000edc0   ___TI_cpp_init
0001063c   ___TI_enable_exit_profile_output
ffffffff   ___TI_pprof_out_hndl
ffffffff   ___TI_prof_data_size
ffffffff   ___TI_prof_data_start
ffffffff   ___binit__
00011808   ___bss__
ffffffff   ___c_args__
00010660   ___cinit__
00011000   ___data__
00011000   ___edata__
000118fc   ___end__
0000f6e0   ___etext__
0000f200   ___isinf
ffffffff   ___pinit__
00000000   ___text__
0000ee40   __abort_msg
0000f460   __addd
0000f480   __addf
0000f3c0   __args_main
0000d5a0   __auto_init
0000e380   __c6xabi_divu
0000c3c0   __c6xabi_strasgi
0000a320   __cleanup
00010634   __cleanup_ptr
0000bc20   __closefile
0000f4a0   __cmpd
0000f4c0   __cmpf
00011400   __ctypes_
0000f4e0   __cvtdf
0000f500   __cvtfd
00003100   __divd
00008280   __divf
0000d7a0   __divli
0000e380   __divu
000095c0   __divul
00006e00   __divull
0000dca0   __doflush
00010638   __dtors_ptr
0000e840   __fixdli
0000e8e0   __fixfi
0000f260   __fltif
0000eec0   __fltlid
0000c280   __frcmpyd_div
00010200   __ft_end
0000fee0   __ftable
0000ef40   __llshl
0000f2c0   __llshru
00010640   __lock
0000f520   __mpyd
0000f540   __mpyf
0000e980   __mpyll
0000f560   __negf
0000f580   __negll
0000f5a0   __nop
00004b40   __printfi
0000ea20   __remli
0000f6e0   __stack
0000df40   __strasg
0000c3c0   __strasgi
0000f320   __subcull
0000f640   __subf
00011000   __sys_memory
000100c0   __tmpnams
00010644   __unlock
0000cc20   __wrt_ok
0000f660   _abort
0000c500   _atoi
0000efc0   _c_int00
000048a8   _c_int08
000045f8   _c_int09
00004520   _c_int14
00011894   _ce2
0000cd40   _close
0000e440   _copy_in
00011890   _digital_output
0000be70   _enableIRQ
00005794   _enableIRQ_EDMA
0000e020   _exit
0000c640   _fflush
0000ce60   _fprintf
000090a0   _fputc
000050a0   _fputs
00007180   _free
000028a4   _freeMatrix
00002820   _freeMatrixV
0000af20   _fseek
0001188c   _fstart
000026dc   _getMatrix
00002560   _getMatrixEye
0000090c   _inverse
000118c0   _kC
000118d4   _kC2
000118c4   _kPID
000118d8   _kPID2
0000d9a0   _lseek
0000c780   _ltoa
00000694   _lubksb
00000000   _ludcmp
00001eb4   _main
00009a60   _malloc
00002348   _matMult
0000f040   _memccpy
00009ca0   _memcpy
0000cf80   _memset
00010458   _model
00002318   _moveTableLeft
00011888   _pEncMeasurement
000118c8   _pomiar
000118dc   _pomiar2
0000220c   _printMatrix
00002160   _printTable
0000daa0   _printf
00002120   _pushStart
000020e0   _pushStop
000090a0   _putc
0000eac0   _readmsg
0000f680   _remove
0000bd80   _setupIRQ
00008b40   _setvbuf
000055c0   _stopEdma
000118d0   _suma
000118e4   _suma2
000104e8   _tccAllocTable
0001189c   _u
0000ec00   _unlink
0000a420   _vector1
0000a540   _vector10
0000a560   _vector11
0000a580   _vector12
0000a5a0   _vector13
0000a5c0   _vector14
0000a5e0   _vector15
0000a440   _vector2
0000a460   _vector3
0000a480   _vector4
0000a4a0   _vector5
0000a4c0   _vector6
0000a4e0   _vector7
0000a400   _vectors
000118b8   _w
000118cc   _wartoscZadana
000118e0   _wartoscZadana2
0000dba0   _write
0000eca0   _writemsg
00011898   _y
ffffffff   binit
00010660   cinit
00011000   edata
000118fc   end
0000f6e0   etext
ffffffff   pinit


GLOBAL SYMBOLS: SORTED BY Symbol Address 

address    name
--------   ----
00000000   .text
00000000   ___text__
00000000   _ludcmp
00000001   __TI_args_main
00000400   __SYSMEM_SIZE
00000694   _lubksb
00000800   __STACK_SIZE
0000090c   _inverse
00000bc0   _FillQ
00000c10   _CalcRefModelOutput
00000d64   _CalcClearArx
00000eb4   _CalcQT
00001138   _CalcArixOutput
00001444   _CalculateGPC
00001620   _CalcArxOutput
00001760   _Intialize_Chipset
000017dc   _Initialize
00001eb4   _main
000020b8   _TimerEventHandler
000020e0   _pushStop
00002120   _pushStart
00002160   _printTable
0000220c   _printMatrix
00002318   _moveTableLeft
00002348   _matMult
00002560   _getMatrixEye
000026dc   _getMatrix
00002820   _freeMatrixV
000028a4   _freeMatrix
0000292c   _MatrixMult
000029e0   _ML_ShowGoodbyeMsg
00002a24   _ML_PrepareFreshOutput
00002b20   _ML_ExitProcedure
00002be4   _ML_CheckSwitch
00002c84   _Enc_WaitForFreshInput
00002d50   _Enc_SendOrder
00002d78   _Enc_PrepareFreshOutput
00003100   __divd
00004520   _c_int14
000045f8   _c_int09
000048a8   _c_int08
00004b40   __printfi
000050a0   _fputs
000055c0   _stopEdma
00005794   _enableIRQ_EDMA
00005984   _EDMI2CTransConfOpt
00005994   _EDMI2CRecConfOpt
000059a4   _EDMADACConfOpt
000059b4   _EDMAADCConfOpt
00005a2c   _DSK6713_init
00005d48   _DSK6713_rget
00005d5c   _DSK6713_rset
00005d70   _DSK6713_wait
00005dc8   _DSK6713_waitusec
00005df4   _DSK6713_getVersion
00006a80   _PrintfDACTransferInfo
00006b30   _DAC_Update_Channel_To_Send
00006b4c   _DAC_Prepare_Frame
00006c80   _DAC_Prepare_EDMA
00006da0   _DAC_Fill_Values_With_Zeros
00006e00   __divull
00007180   _free
00007500   _RemoveCompletedCommand
0000756c   _Enc_ReadEnc
0000759c   _ProcessReceivedData
00007608   _DownloadCommand
00007670   _CopyString
000076cc   _Copy16Bit
000076e0   _CommandEngine
000077c4   _AnalyzeCommands
00007f20   _Encoder_Unfresh
00007f34   _Encoder_Fill_With_Zeros
00007fac   _Encoder_Compute_Value
00008020   _Encoder_Are_Bytes_Fresh
00008074   _Enc_Unfresh_All
000080c0   _Enc_Refresh_Bytes
00008100   _Enc_Fill_With_Zeros
000081a0   _Enc_Compute_Values
000081f0   _Enc_Are_Both_Enc_Fresh
00008280   __divf
00008b40   _setvbuf
000090a0   _fputc
000090a0   _putc
00009340   _EDMA_open
000095c0   __divul
00009a60   _malloc
00009ca0   _memcpy
00009ee0   _HOSTrename
0000a100   __CSL_init
0000a320   __cleanup
0000a400   _vectors
0000a420   _vector1
0000a440   _vector2
0000a460   _vector3
0000a480   _vector4
0000a4a0   _vector5
0000a4c0   _vector6
0000a4e0   _vector7
0000a540   _vector10
0000a560   _vector11
0000a580   _vector12
0000a5a0   _vector13
0000a5c0   _vector14
0000a5e0   _vector15
0000a600   _I2C_PrepareSlaveConfigStruct
0000a660   _I2C_PrepareMasterConfigStruct
0000a6d4   _I2C_InterruptsRoutine
0000a7ac   _I2C_Send_Polling
0000a9c0   _DSK6713_LED_init
0000aa00   _DSK6713_LED_off
0000aa70   _DSK6713_LED_on
0000aae0   _DSK6713_LED_toggle
0000aba0   _I2C_reset
0000ad60   _IRQ_map
0000af20   _fseek
0000b2a0   _EDMA_allocTable
0000b440   _EDMA_resetAll
0000b5e0   _MCBSP_reset
0000bac0   _HOSTlseek
0000bc20   __closefile
0000bd80   _setupIRQ
0000be70   _enableIRQ
0000bec0   _EDMA_reset
0000c000   _HOSTread
0000c140   _TIMER_open
0000c280   __frcmpyd_div
0000c3c0   __c6xabi_strasgi
0000c3c0   __strasgi
0000c500   _atoi
0000c640   _fflush
0000c780   _ltoa
0000c8c0   _HOSTopen
0000c9e0   _HOSTwrite
0000cb00   _TIMER_reset
0000cc20   __wrt_ok
0000cd40   _close
0000ce60   _fprintf
0000cf80   _memset
0000d0a0   _HOSTclose
0000d1a0   _HOSTunlink
0000d2a0   _I2C_open
0000d3a0   _MCBSP_open
0000d4a0   _MCBSP_start
0000d5a0   __auto_init
0000d7a0   __divli
0000d9a0   _lseek
0000daa0   _printf
0000dba0   _write
0000dca0   __doflush
0000df40   __strasg
0000e020   _exit
0000e2c0   _EDMA_clearPram
0000e380   __c6xabi_divu
0000e380   __divu
0000e440   _copy_in
0000e5c0   _Polling_Transmit
0000e610   _Polling_Single_Receive
0000e660   _EDMA_close
0000e700   _MCBSP_close
0000e7a0   __IRQ_init
0000e840   __fixdli
0000e8e0   __fixfi
0000e980   __mpyll
0000ea20   __remli
0000eac0   _readmsg
0000ec00   _unlink
0000eca0   _writemsg
0000ed18   C$$IO$$
0000ed40   _EDMA_freeTable
0000edc0   ___TI_cpp_init
0000ee40   __abort_msg
0000eec0   __fltlid
0000ef40   __llshl
0000efc0   _c_int00
0000f040   _memccpy
0000f0c0   _DSK6713_DIP_init
0000f0c8   _DSK6713_DIP_get
0000f140   _EDMA_disableChannel
0000f1a0   _EDMA_enableChannel
0000f200   ___isinf
0000f260   __fltif
0000f2c0   __llshru
0000f320   __subcull
0000f3c0   __args_main
0000f400   _CPLD_WriteMisc
0000f420   _CSL6713_LIB_
0000f440   _IRQ_setVecs
0000f460   __addd
0000f480   __addf
0000f4a0   __cmpd
0000f4c0   __cmpf
0000f4e0   __cvtdf
0000f500   __cvtfd
0000f520   __mpyd
0000f540   __mpyf
0000f560   __negf
0000f580   __negll
0000f5a0   __nop
0000f640   __subf
0000f660   C$$EXIT
0000f660   _abort
0000f680   _remove
0000f6a0   __IRQ_hookFetchPacket
0000f6e0   ___etext__
0000f6e0   __stack
0000f6e0   etext
0000fee0   __STACK_END
0000fee0   __ftable
000100c0   __tmpnams
00010200   __ft_end
00010348   __IRQ_eventTable
000103cc   __IRQ_intTable
0001040c   __IRQ_dispatchTable
00010444   _EncMeasurement
00010458   _model
000104d2   _DSK6713_version
000104e8   _tccAllocTable
000105a8   __MCBSP_hDev0
000105ac   __MCBSP_hDev1
00010600   __TIMER_deviceTable
00010618   __TIMER_hDev0
0001061c   __TIMER_hDev1
00010620   __TIMER_hBios
00010634   __cleanup_ptr
00010638   __dtors_ptr
0001063c   ___TI_enable_exit_profile_output
00010640   __lock
00010644   __unlock
00010660   ___cinit__
00010660   cinit
00011000   .data
00011000   ___data__
00011000   ___edata__
00011000   __sys_memory
00011000   edata
00011400   __ctypes_
000116e8   __CIOBUF_
00011808   $bss
00011808   .bss
00011808   ___bss__
00011884   _ADCCounter
00011888   _pEncMeasurement
0001188c   _fstart
00011890   _digital_output
00011894   _ce2
00011898   _y
0001189c   _u
000118b4   _CurrentY
000118b8   _w
000118bc   _CurrentU
000118c0   _kC
000118c4   _kPID
000118c8   _pomiar
000118cc   _wartoscZadana
000118d0   _suma
000118d4   _kC2
000118d8   _kPID2
000118dc   _pomiar2
000118e0   _wartoscZadana2
000118e4   _suma2
000118f8   _WelcomeStringLength
000118fc   ___end__
000118fc   end
ffffffff   ___TI_pprof_out_hndl
ffffffff   ___TI_prof_data_size
ffffffff   ___TI_prof_data_start
ffffffff   ___binit__
ffffffff   ___c_args__
ffffffff   ___pinit__
ffffffff   binit
ffffffff   pinit

[271 symbols]
