<?xml version="1.0"?>
<link_info>
   <banner>TMS320C6x Linker PC v7.4.11</banner>
   <copyright>Copyright (c) 1996-2014 Texas Instruments Incorporated</copyright>
   <link_time>0x54b62ad0</link_time>
   <output_file>mcbsp1.out</output_file>
   <entry_point>
      <name>_c_int00</name>
      <address>0xefc0</address>
   </entry_point>
   <input_file_list>
      <input_file id="fl-2">
         <path>.\</path>
         <kind>object</kind>
         <file>CPLD.obj</file>
         <name>CPLD.obj</name>
      </input_file>
      <input_file id="fl-3">
         <path>.\</path>
         <kind>object</kind>
         <file>Command_Utility.obj</file>
         <name>Command_Utility.obj</name>
      </input_file>
      <input_file id="fl-4">
         <path>.\</path>
         <kind>object</kind>
         <file>DAC7716.obj</file>
         <name>DAC7716.obj</name>
      </input_file>
      <input_file id="fl-5">
         <path>.\</path>
         <kind>object</kind>
         <file>EDMA_Utility.obj</file>
         <name>EDMA_Utility.obj</name>
      </input_file>
      <input_file id="fl-6">
         <path>.\</path>
         <kind>object</kind>
         <file>I2C_Utility.obj</file>
         <name>I2C_Utility.obj</name>
      </input_file>
      <input_file id="fl-7">
         <path>.\</path>
         <kind>object</kind>
         <file>IRQ_Utility.obj</file>
         <name>IRQ_Utility.obj</name>
      </input_file>
      <input_file id="fl-8">
         <path>.\</path>
         <kind>object</kind>
         <file>MainLoop_Helper.obj</file>
         <name>MainLoop_Helper.obj</name>
      </input_file>
      <input_file id="fl-9">
         <path>.\</path>
         <kind>object</kind>
         <file>MatrixVectorOp.obj</file>
         <name>MatrixVectorOp.obj</name>
      </input_file>
      <input_file id="fl-a">
         <path>.\</path>
         <kind>object</kind>
         <file>McBSP_Utility.obj</file>
         <name>McBSP_Utility.obj</name>
      </input_file>
      <input_file id="fl-b">
         <path>.\</path>
         <kind>object</kind>
         <file>enkoder.obj</file>
         <name>enkoder.obj</name>
      </input_file>
      <input_file id="fl-c">
         <path>.\</path>
         <kind>object</kind>
         <file>gpcregler.obj</file>
         <name>gpcregler.obj</name>
      </input_file>
      <input_file id="fl-d">
         <path>.\</path>
         <kind>object</kind>
         <file>lumatrixinv.obj</file>
         <name>lumatrixinv.obj</name>
      </input_file>
      <input_file id="fl-e">
         <path>.\</path>
         <kind>object</kind>
         <file>main.obj</file>
         <name>main.obj</name>
      </input_file>
      <input_file id="fl-f">
         <path>.\</path>
         <kind>object</kind>
         <file>timer.obj</file>
         <name>timer.obj</name>
      </input_file>
      <input_file id="fl-10">
         <path>.\</path>
         <kind>object</kind>
         <file>vecs_irq.obj</file>
         <name>vecs_irq.obj</name>
      </input_file>
      <input_file id="fl-16">
         <path>C:\ti\ccsv6\tools\compiler\c6000_7.4.8\dsk6713\lib\</path>
         <kind>archive</kind>
         <file>dsk6713bsl.lib</file>
         <name>dsk6713.obj</name>
      </input_file>
      <input_file id="fl-17">
         <path>C:\ti\ccsv6\tools\compiler\c6000_7.4.8\dsk6713\lib\</path>
         <kind>archive</kind>
         <file>dsk6713bsl.lib</file>
         <name>dsk6713_dip.obj</name>
      </input_file>
      <input_file id="fl-18">
         <path>C:\ti\ccsv6\tools\compiler\c6000_7.4.8\dsk6713\lib\</path>
         <kind>archive</kind>
         <file>dsk6713bsl.lib</file>
         <name>dsk6713_led.obj</name>
      </input_file>
      <input_file id="fl-19">
         <path>C:\Program Files\C6xCSL\lib_3x\</path>
         <kind>archive</kind>
         <file>csl6713.lib</file>
         <name>csl.obj</name>
      </input_file>
      <input_file id="fl-1a">
         <path>C:\Program Files\C6xCSL\lib_3x\</path>
         <kind>archive</kind>
         <file>csl6713.lib</file>
         <name>csl_edma.obj</name>
      </input_file>
      <input_file id="fl-1b">
         <path>C:\Program Files\C6xCSL\lib_3x\</path>
         <kind>archive</kind>
         <file>csl6713.lib</file>
         <name>csl_i2c.obj</name>
      </input_file>
      <input_file id="fl-1c">
         <path>C:\Program Files\C6xCSL\lib_3x\</path>
         <kind>archive</kind>
         <file>csl6713.lib</file>
         <name>csl_irq.obj</name>
      </input_file>
      <input_file id="fl-1d">
         <path>C:\Program Files\C6xCSL\lib_3x\</path>
         <kind>archive</kind>
         <file>csl6713.lib</file>
         <name>csl_mcbsp.obj</name>
      </input_file>
      <input_file id="fl-1e">
         <path>C:\Program Files\C6xCSL\lib_3x\</path>
         <kind>archive</kind>
         <file>csl6713.lib</file>
         <name>csl_timer.obj</name>
      </input_file>
      <input_file id="fl-1f">
         <path>c:\ti\ccsv6\tools\compiler\c6000_7.4.11\lib\</path>
         <kind>archive</kind>
         <file>rts6700.lib</file>
         <name>addd.obj</name>
      </input_file>
      <input_file id="fl-20">
         <path>c:\ti\ccsv6\tools\compiler\c6000_7.4.11\lib\</path>
         <kind>archive</kind>
         <file>rts6700.lib</file>
         <name>addf.obj</name>
      </input_file>
      <input_file id="fl-21">
         <path>c:\ti\ccsv6\tools\compiler\c6000_7.4.11\lib\</path>
         <kind>archive</kind>
         <file>rts6700.lib</file>
         <name>assert.obj</name>
      </input_file>
      <input_file id="fl-22">
         <path>c:\ti\ccsv6\tools\compiler\c6000_7.4.11\lib\</path>
         <kind>archive</kind>
         <file>rts6700.lib</file>
         <name>boot.obj</name>
      </input_file>
      <input_file id="fl-23">
         <path>c:\ti\ccsv6\tools\compiler\c6000_7.4.11\lib\</path>
         <kind>archive</kind>
         <file>rts6700.lib</file>
         <name>cmpd.obj</name>
      </input_file>
      <input_file id="fl-24">
         <path>c:\ti\ccsv6\tools\compiler\c6000_7.4.11\lib\</path>
         <kind>archive</kind>
         <file>rts6700.lib</file>
         <name>cmpf.obj</name>
      </input_file>
      <input_file id="fl-25">
         <path>c:\ti\ccsv6\tools\compiler\c6000_7.4.11\lib\</path>
         <kind>archive</kind>
         <file>rts6700.lib</file>
         <name>cvtdf.obj</name>
      </input_file>
      <input_file id="fl-26">
         <path>c:\ti\ccsv6\tools\compiler\c6000_7.4.11\lib\</path>
         <kind>archive</kind>
         <file>rts6700.lib</file>
         <name>cvtfd.obj</name>
      </input_file>
      <input_file id="fl-27">
         <path>c:\ti\ccsv6\tools\compiler\c6000_7.4.11\lib\</path>
         <kind>archive</kind>
         <file>rts6700.lib</file>
         <name>defs.obj</name>
      </input_file>
      <input_file id="fl-28">
         <path>c:\ti\ccsv6\tools\compiler\c6000_7.4.11\lib\</path>
         <kind>archive</kind>
         <file>rts6700.lib</file>
         <name>divf.obj</name>
      </input_file>
      <input_file id="fl-29">
         <path>c:\ti\ccsv6\tools\compiler\c6000_7.4.11\lib\</path>
         <kind>archive</kind>
         <file>rts6700.lib</file>
         <name>exit.obj</name>
      </input_file>
      <input_file id="fl-2a">
         <path>c:\ti\ccsv6\tools\compiler\c6000_7.4.11\lib\</path>
         <kind>archive</kind>
         <file>rts6700.lib</file>
         <name>fflush.obj</name>
      </input_file>
      <input_file id="fl-2b">
         <path>c:\ti\ccsv6\tools\compiler\c6000_7.4.11\lib\</path>
         <kind>archive</kind>
         <file>rts6700.lib</file>
         <name>fixfi.obj</name>
      </input_file>
      <input_file id="fl-2c">
         <path>c:\ti\ccsv6\tools\compiler\c6000_7.4.11\lib\</path>
         <kind>archive</kind>
         <file>rts6700.lib</file>
         <name>fltif.obj</name>
      </input_file>
      <input_file id="fl-2d">
         <path>c:\ti\ccsv6\tools\compiler\c6000_7.4.11\lib\</path>
         <kind>archive</kind>
         <file>rts6700.lib</file>
         <name>fprintf.obj</name>
      </input_file>
      <input_file id="fl-2e">
         <path>c:\ti\ccsv6\tools\compiler\c6000_7.4.11\lib\</path>
         <kind>archive</kind>
         <file>rts6700.lib</file>
         <name>fputc.obj</name>
      </input_file>
      <input_file id="fl-2f">
         <path>c:\ti\ccsv6\tools\compiler\c6000_7.4.11\lib\</path>
         <kind>archive</kind>
         <file>rts6700.lib</file>
         <name>fputs.obj</name>
      </input_file>
      <input_file id="fl-30">
         <path>c:\ti\ccsv6\tools\compiler\c6000_7.4.11\lib\</path>
         <kind>archive</kind>
         <file>rts6700.lib</file>
         <name>lowlev.obj</name>
      </input_file>
      <input_file id="fl-31">
         <path>c:\ti\ccsv6\tools\compiler\c6000_7.4.11\lib\</path>
         <kind>archive</kind>
         <file>rts6700.lib</file>
         <name>memcpy62.obj</name>
      </input_file>
      <input_file id="fl-32">
         <path>c:\ti\ccsv6\tools\compiler\c6000_7.4.11\lib\</path>
         <kind>archive</kind>
         <file>rts6700.lib</file>
         <name>memory.obj</name>
      </input_file>
      <input_file id="fl-33">
         <path>c:\ti\ccsv6\tools\compiler\c6000_7.4.11\lib\</path>
         <kind>archive</kind>
         <file>rts6700.lib</file>
         <name>mpyd.obj</name>
      </input_file>
      <input_file id="fl-34">
         <path>c:\ti\ccsv6\tools\compiler\c6000_7.4.11\lib\</path>
         <kind>archive</kind>
         <file>rts6700.lib</file>
         <name>mpyf.obj</name>
      </input_file>
      <input_file id="fl-35">
         <path>c:\ti\ccsv6\tools\compiler\c6000_7.4.11\lib\</path>
         <kind>archive</kind>
         <file>rts6700.lib</file>
         <name>negf.obj</name>
      </input_file>
      <input_file id="fl-36">
         <path>c:\ti\ccsv6\tools\compiler\c6000_7.4.11\lib\</path>
         <kind>archive</kind>
         <file>rts6700.lib</file>
         <name>printf.obj</name>
      </input_file>
      <input_file id="fl-37">
         <path>c:\ti\ccsv6\tools\compiler\c6000_7.4.11\lib\</path>
         <kind>archive</kind>
         <file>rts6700.lib</file>
         <name>strasg.obj</name>
      </input_file>
      <input_file id="fl-38">
         <path>c:\ti\ccsv6\tools\compiler\c6000_7.4.11\lib\</path>
         <kind>archive</kind>
         <file>rts6700.lib</file>
         <name>subf.obj</name>
      </input_file>
      <input_file id="fl-39">
         <path>c:\ti\ccsv6\tools\compiler\c6000_7.4.11\lib\</path>
         <kind>archive</kind>
         <file>rts6700.lib</file>
         <name>trgdrv.obj</name>
      </input_file>
      <input_file id="fl-3a">
         <path>c:\ti\ccsv6\tools\compiler\c6000_7.4.11\lib\</path>
         <kind>archive</kind>
         <file>rts6700.lib</file>
         <name>trgmsg.obj</name>
      </input_file>
      <input_file id="fl-3b">
         <path>c:\ti\ccsv6\tools\compiler\c6000_7.4.11\lib\</path>
         <kind>archive</kind>
         <file>rts6700.lib</file>
         <name>_io_perm.obj</name>
      </input_file>
      <input_file id="fl-3c">
         <path>c:\ti\ccsv6\tools\compiler\c6000_7.4.11\lib\</path>
         <kind>archive</kind>
         <file>rts6700.lib</file>
         <name>_lock.obj</name>
      </input_file>
      <input_file id="fl-3d">
         <path>c:\ti\ccsv6\tools\compiler\c6000_7.4.11\lib\</path>
         <kind>archive</kind>
         <file>rts6700.lib</file>
         <name>_printfi.obj</name>
      </input_file>
      <input_file id="fl-3e">
         <path>c:\ti\ccsv6\tools\compiler\c6000_7.4.11\lib\</path>
         <kind>archive</kind>
         <file>rts6700.lib</file>
         <name>args_main.obj</name>
      </input_file>
      <input_file id="fl-3f">
         <path>c:\ti\ccsv6\tools\compiler\c6000_7.4.11\lib\</path>
         <kind>archive</kind>
         <file>rts6700.lib</file>
         <name>atoi.obj</name>
      </input_file>
      <input_file id="fl-40">
         <path>c:\ti\ccsv6\tools\compiler\c6000_7.4.11\lib\</path>
         <kind>archive</kind>
         <file>rts6700.lib</file>
         <name>autoinit.obj</name>
      </input_file>
      <input_file id="fl-41">
         <path>c:\ti\ccsv6\tools\compiler\c6000_7.4.11\lib\</path>
         <kind>archive</kind>
         <file>rts6700.lib</file>
         <name>cpp_init.obj</name>
      </input_file>
      <input_file id="fl-42">
         <path>c:\ti\ccsv6\tools\compiler\c6000_7.4.11\lib\</path>
         <kind>archive</kind>
         <file>rts6700.lib</file>
         <name>cpy_tbl.obj</name>
      </input_file>
      <input_file id="fl-43">
         <path>c:\ti\ccsv6\tools\compiler\c6000_7.4.11\lib\</path>
         <kind>archive</kind>
         <file>rts6700.lib</file>
         <name>ctype.obj</name>
      </input_file>
      <input_file id="fl-44">
         <path>c:\ti\ccsv6\tools\compiler\c6000_7.4.11\lib\</path>
         <kind>archive</kind>
         <file>rts6700.lib</file>
         <name>divd.obj</name>
      </input_file>
      <input_file id="fl-45">
         <path>c:\ti\ccsv6\tools\compiler\c6000_7.4.11\lib\</path>
         <kind>archive</kind>
         <file>rts6700.lib</file>
         <name>divu.obj</name>
      </input_file>
      <input_file id="fl-46">
         <path>c:\ti\ccsv6\tools\compiler\c6000_7.4.11\lib\</path>
         <kind>archive</kind>
         <file>rts6700.lib</file>
         <name>fixdli.obj</name>
      </input_file>
      <input_file id="fl-47">
         <path>c:\ti\ccsv6\tools\compiler\c6000_7.4.11\lib\</path>
         <kind>archive</kind>
         <file>rts6700.lib</file>
         <name>fltlid.obj</name>
      </input_file>
      <input_file id="fl-48">
         <path>c:\ti\ccsv6\tools\compiler\c6000_7.4.11\lib\</path>
         <kind>archive</kind>
         <file>rts6700.lib</file>
         <name>frcmpyd_div.obj</name>
      </input_file>
      <input_file id="fl-49">
         <path>c:\ti\ccsv6\tools\compiler\c6000_7.4.11\lib\</path>
         <kind>archive</kind>
         <file>rts6700.lib</file>
         <name>fseek.obj</name>
      </input_file>
      <input_file id="fl-4a">
         <path>c:\ti\ccsv6\tools\compiler\c6000_7.4.11\lib\</path>
         <kind>archive</kind>
         <file>rts6700.lib</file>
         <name>imath40.obj</name>
      </input_file>
      <input_file id="fl-4b">
         <path>c:\ti\ccsv6\tools\compiler\c6000_7.4.11\lib\</path>
         <kind>archive</kind>
         <file>rts6700.lib</file>
         <name>imath64.obj</name>
      </input_file>
      <input_file id="fl-4c">
         <path>c:\ti\ccsv6\tools\compiler\c6000_7.4.11\lib\</path>
         <kind>archive</kind>
         <file>rts6700.lib</file>
         <name>isinf.obj</name>
      </input_file>
      <input_file id="fl-4d">
         <path>c:\ti\ccsv6\tools\compiler\c6000_7.4.11\lib\</path>
         <kind>archive</kind>
         <file>rts6700.lib</file>
         <name>llshift.obj</name>
      </input_file>
      <input_file id="fl-4e">
         <path>c:\ti\ccsv6\tools\compiler\c6000_7.4.11\lib\</path>
         <kind>archive</kind>
         <file>rts6700.lib</file>
         <name>ltoa.obj</name>
      </input_file>
      <input_file id="fl-4f">
         <path>c:\ti\ccsv6\tools\compiler\c6000_7.4.11\lib\</path>
         <kind>archive</kind>
         <file>rts6700.lib</file>
         <name>memccpy.obj</name>
      </input_file>
      <input_file id="fl-50">
         <path>c:\ti\ccsv6\tools\compiler\c6000_7.4.11\lib\</path>
         <kind>archive</kind>
         <file>rts6700.lib</file>
         <name>memset.obj</name>
      </input_file>
      <input_file id="fl-51">
         <path>c:\ti\ccsv6\tools\compiler\c6000_7.4.11\lib\</path>
         <kind>archive</kind>
         <file>rts6700.lib</file>
         <name>mpyll.obj</name>
      </input_file>
      <input_file id="fl-52">
         <path>c:\ti\ccsv6\tools\compiler\c6000_7.4.11\lib\</path>
         <kind>archive</kind>
         <file>rts6700.lib</file>
         <name>negll.obj</name>
      </input_file>
      <input_file id="fl-53">
         <path>c:\ti\ccsv6\tools\compiler\c6000_7.4.11\lib\</path>
         <kind>archive</kind>
         <file>rts6700.lib</file>
         <name>setvbuf.obj</name>
      </input_file>
      <input_file id="fl-54">
         <path>c:\ti\ccsv6\tools\compiler\c6000_7.4.11\lib\</path>
         <kind>archive</kind>
         <file>rts6700.lib</file>
         <name>abs.obj</name>
      </input_file>
      <input_file id="fl-55">
         <path>c:\ti\ccsv6\tools\compiler\c6000_7.4.11\lib\</path>
         <kind>archive</kind>
         <file>rts6700.lib</file>
         <name>fopen.obj</name>
      </input_file>
      <input_file id="fl-56">
         <path>c:\ti\ccsv6\tools\compiler\c6000_7.4.11\lib\</path>
         <kind>archive</kind>
         <file>rts6700.lib</file>
         <name>fclose.obj</name>
      </input_file>
      <input_file id="fl-57">
         <path>c:\ti\ccsv6\tools\compiler\c6000_7.4.11\lib\</path>
         <kind>archive</kind>
         <file>rts6700.lib</file>
         <name>remove.obj</name>
      </input_file>
   </input_file_list>
   <object_component_list>
      <object_component id="oc-197">
         <name>.text</name>
         <load_address>0x0</load_address>
         <run_address>0x0</run_address>
         <size>0xbc0</size>
         <input_file_ref idref="fl-d"/>
      </object_component>
      <object_component id="oc-185">
         <name>.text</name>
         <load_address>0xbc0</load_address>
         <run_address>0xbc0</run_address>
         <size>0xba0</size>
         <input_file_ref idref="fl-c"/>
      </object_component>
      <object_component id="oc-14f">
         <name>.text</name>
         <load_address>0x1760</load_address>
         <run_address>0x1760</run_address>
         <size>0x980</size>
         <input_file_ref idref="fl-e"/>
      </object_component>
      <object_component id="oc-183">
         <name>.text</name>
         <load_address>0x20e0</load_address>
         <run_address>0x20e0</run_address>
         <size>0x900</size>
         <input_file_ref idref="fl-9"/>
      </object_component>
      <object_component id="oc-16e">
         <name>.text</name>
         <load_address>0x29e0</load_address>
         <run_address>0x29e0</run_address>
         <size>0x720</size>
         <input_file_ref idref="fl-8"/>
      </object_component>
      <object_component id="oc-1c0">
         <name>.text:__divd</name>
         <load_address>0x3100</load_address>
         <run_address>0x3100</run_address>
         <size>0x720</size>
         <input_file_ref idref="fl-44"/>
      </object_component>
      <object_component id="oc-1b6">
         <name>.text:__getarg_diouxp</name>
         <load_address>0x3820</load_address>
         <run_address>0x3820</run_address>
         <size>0x6c0</size>
         <input_file_ref idref="fl-3d"/>
      </object_component>
      <object_component id="oc-19c">
         <name>.text:__setfield</name>
         <load_address>0x3ee0</load_address>
         <run_address>0x3ee0</run_address>
         <size>0x640</size>
         <input_file_ref idref="fl-3d"/>
      </object_component>
      <object_component id="oc-53">
         <name>.text:retain</name>
         <load_address>0x4520</load_address>
         <run_address>0x4520</run_address>
         <size>0x620</size>
         <input_file_ref idref="fl-e"/>
      </object_component>
      <object_component id="oc-18c">
         <name>.text:__printfi</name>
         <load_address>0x4b40</load_address>
         <run_address>0x4b40</run_address>
         <size>0x560</size>
         <input_file_ref idref="fl-3d"/>
      </object_component>
      <object_component id="oc-198">
         <name>.text:_fputs</name>
         <load_address>0x50a0</load_address>
         <run_address>0x50a0</run_address>
         <size>0x4c0</size>
         <input_file_ref idref="fl-2f"/>
      </object_component>
      <object_component id="oc-169">
         <name>.text</name>
         <load_address>0x5560</load_address>
         <run_address>0x5560</run_address>
         <size>0x480</size>
         <input_file_ref idref="fl-5"/>
      </object_component>
      <object_component id="oc-62">
         <name>.text</name>
         <load_address>0x59e0</load_address>
         <run_address>0x59e0</run_address>
         <size>0x480</size>
         <input_file_ref idref="fl-16"/>
      </object_component>
      <object_component id="oc-1be">
         <name>.text:_fcvt</name>
         <load_address>0x5e60</load_address>
         <run_address>0x5e60</run_address>
         <size>0x420</size>
         <input_file_ref idref="fl-3d"/>
      </object_component>
      <object_component id="oc-1a9">
         <name>.text:__pproc_fge</name>
         <load_address>0x6280</load_address>
         <run_address>0x6280</run_address>
         <size>0x400</size>
         <input_file_ref idref="fl-3d"/>
      </object_component>
      <object_component id="oc-1bb">
         <name>.text:_ecvt</name>
         <load_address>0x6680</load_address>
         <run_address>0x6680</run_address>
         <size>0x400</size>
         <input_file_ref idref="fl-3d"/>
      </object_component>
      <object_component id="oc-153">
         <name>.text</name>
         <load_address>0x6a80</load_address>
         <run_address>0x6a80</run_address>
         <size>0x380</size>
         <input_file_ref idref="fl-4"/>
      </object_component>
      <object_component id="oc-1cb">
         <name>.text:__divull</name>
         <load_address>0x6e00</load_address>
         <run_address>0x6e00</run_address>
         <size>0x380</size>
         <input_file_ref idref="fl-4b"/>
      </object_component>
      <object_component id="oc-193">
         <name>.text:_free</name>
         <load_address>0x7180</load_address>
         <run_address>0x7180</run_address>
         <size>0x380</size>
         <input_file_ref idref="fl-32"/>
      </object_component>
      <object_component id="oc-152">
         <name>.text</name>
         <load_address>0x7500</load_address>
         <run_address>0x7500</run_address>
         <size>0x360</size>
         <input_file_ref idref="fl-3"/>
      </object_component>
      <object_component id="oc-1b5">
         <name>.text:__pconv_e</name>
         <load_address>0x7860</load_address>
         <run_address>0x7860</run_address>
         <size>0x360</size>
         <input_file_ref idref="fl-3d"/>
      </object_component>
      <object_component id="oc-19b">
         <name>.text:__pproc_fwp</name>
         <load_address>0x7bc0</load_address>
         <run_address>0x7bc0</run_address>
         <size>0x360</size>
         <input_file_ref idref="fl-3d"/>
      </object_component>
      <object_component id="oc-16c">
         <name>.text</name>
         <load_address>0x7f20</load_address>
         <run_address>0x7f20</run_address>
         <size>0x360</size>
         <input_file_ref idref="fl-b"/>
      </object_component>
      <object_component id="oc-1a2">
         <name>.text:__divf</name>
         <load_address>0x8280</load_address>
         <run_address>0x8280</run_address>
         <size>0x300</size>
         <input_file_ref idref="fl-28"/>
      </object_component>
      <object_component id="oc-1aa">
         <name>.text:__pproc_diouxp</name>
         <load_address>0x8580</load_address>
         <run_address>0x8580</run_address>
         <size>0x300</size>
         <input_file_ref idref="fl-3d"/>
      </object_component>
      <object_component id="oc-19d">
         <name>.text:__pproc_str</name>
         <load_address>0x8880</load_address>
         <run_address>0x8880</run_address>
         <size>0x2c0</size>
         <input_file_ref idref="fl-3d"/>
      </object_component>
      <object_component id="oc-1af">
         <name>.text:_setvbuf</name>
         <load_address>0x8b40</load_address>
         <run_address>0x8b40</run_address>
         <size>0x2c0</size>
         <input_file_ref idref="fl-53"/>
      </object_component>
      <object_component id="oc-1b3">
         <name>.text:__pconv_g</name>
         <load_address>0x8e00</load_address>
         <run_address>0x8e00</run_address>
         <size>0x2a0</size>
         <input_file_ref idref="fl-3d"/>
      </object_component>
      <object_component id="oc-199">
         <name>.text:_fputc</name>
         <load_address>0x90a0</load_address>
         <run_address>0x90a0</run_address>
         <size>0x2a0</size>
         <input_file_ref idref="fl-2e"/>
      </object_component>
      <object_component id="oc-167">
         <name>.text:_EDMA_open</name>
         <load_address>0x9340</load_address>
         <run_address>0x9340</run_address>
         <size>0x280</size>
         <input_file_ref idref="fl-1a"/>
      </object_component>
      <object_component id="oc-1ca">
         <name>.text:__divul</name>
         <load_address>0x95c0</load_address>
         <run_address>0x95c0</run_address>
         <size>0x260</size>
         <input_file_ref idref="fl-4a"/>
      </object_component>
      <object_component id="oc-1bd">
         <name>.text:__mcpy</name>
         <load_address>0x9820</load_address>
         <run_address>0x9820</run_address>
         <size>0x240</size>
         <input_file_ref idref="fl-3d"/>
      </object_component>
      <object_component id="oc-16b">
         <name>.text:_malloc</name>
         <load_address>0x9a60</load_address>
         <run_address>0x9a60</run_address>
         <size>0x240</size>
         <input_file_ref idref="fl-32"/>
      </object_component>
      <object_component id="oc-150">
         <name>.text:_memcpy</name>
         <load_address>0x9ca0</load_address>
         <run_address>0x9ca0</run_address>
         <size>0x240</size>
         <input_file_ref idref="fl-31"/>
      </object_component>
      <object_component id="oc-15b">
         <name>.text:_HOSTrename</name>
         <load_address>0x9ee0</load_address>
         <run_address>0x9ee0</run_address>
         <size>0x220</size>
         <input_file_ref idref="fl-39"/>
      </object_component>
      <object_component id="oc-161">
         <name>.text:__CSL_init</name>
         <load_address>0xa100</load_address>
         <run_address>0xa100</run_address>
         <size>0x220</size>
         <input_file_ref idref="fl-19"/>
      </object_component>
      <object_component id="oc-1ba">
         <name>.text:__cleanup</name>
         <load_address>0xa320</load_address>
         <run_address>0xa320</run_address>
         <size>0xe0</size>
         <input_file_ref idref="fl-55"/>
      </object_component>
      <object_component id="oc-5e">
         <name>.text:vecs</name>
         <load_address>0xa400</load_address>
         <run_address>0xa400</run_address>
         <size>0x200</size>
         <input_file_ref idref="fl-10"/>
      </object_component>
      <object_component id="oc-151">
         <name>.text</name>
         <load_address>0xa600</load_address>
         <run_address>0xa600</run_address>
         <size>0x1e0</size>
         <input_file_ref idref="fl-6"/>
      </object_component>
      <object_component id="oc-1d3">
         <name>.text:_getdevice</name>
         <load_address>0xa7e0</load_address>
         <run_address>0xa7e0</run_address>
         <size>0x1e0</size>
         <input_file_ref idref="fl-30"/>
      </object_component>
      <object_component id="oc-6c">
         <name>.text</name>
         <load_address>0xa9c0</load_address>
         <run_address>0xa9c0</run_address>
         <size>0x1e0</size>
         <input_file_ref idref="fl-18"/>
      </object_component>
      <object_component id="oc-177">
         <name>.text:_I2C_reset</name>
         <load_address>0xaba0</load_address>
         <run_address>0xaba0</run_address>
         <size>0x1c0</size>
         <input_file_ref idref="fl-1b"/>
      </object_component>
      <object_component id="oc-179">
         <name>.text:_IRQ_map</name>
         <load_address>0xad60</load_address>
         <run_address>0xad60</run_address>
         <size>0x1c0</size>
         <input_file_ref idref="fl-1c"/>
      </object_component>
      <object_component id="oc-1ae">
         <name>.text:_fseek</name>
         <load_address>0xaf20</load_address>
         <run_address>0xaf20</run_address>
         <size>0x1c0</size>
         <input_file_ref idref="fl-49"/>
      </object_component>
      <object_component id="oc-18d">
         <name>.text:_mux2Tables</name>
         <load_address>0xb0e0</load_address>
         <run_address>0xb0e0</run_address>
         <size>0x1c0</size>
         <input_file_ref idref="fl-1c"/>
      </object_component>
      <object_component id="oc-168">
         <name>.text:_EDMA_allocTable</name>
         <load_address>0xb2a0</load_address>
         <run_address>0xb2a0</run_address>
         <size>0x1a0</size>
         <input_file_ref idref="fl-1a"/>
      </object_component>
      <object_component id="oc-17e">
         <name>.text:_EDMA_resetAll</name>
         <load_address>0xb440</load_address>
         <run_address>0xb440</run_address>
         <size>0x1a0</size>
         <input_file_ref idref="fl-1a"/>
      </object_component>
      <object_component id="oc-17a">
         <name>.text:_MCBSP_reset</name>
         <load_address>0xb5e0</load_address>
         <run_address>0xb5e0</run_address>
         <size>0x1a0</size>
         <input_file_ref idref="fl-1d"/>
      </object_component>
      <object_component id="oc-1b8">
         <name>.text:__ltostr</name>
         <load_address>0xb780</load_address>
         <run_address>0xb780</run_address>
         <size>0x1a0</size>
         <input_file_ref idref="fl-3d"/>
      </object_component>
      <object_component id="oc-19a">
         <name>.text:__pproc_fflags</name>
         <load_address>0xb920</load_address>
         <run_address>0xb920</run_address>
         <size>0x1a0</size>
         <input_file_ref idref="fl-3d"/>
      </object_component>
      <object_component id="oc-159">
         <name>.text:_HOSTlseek</name>
         <load_address>0xbac0</load_address>
         <run_address>0xbac0</run_address>
         <size>0x160</size>
         <input_file_ref idref="fl-39"/>
      </object_component>
      <object_component id="oc-1c3">
         <name>.text:__closefile</name>
         <load_address>0xbc20</load_address>
         <run_address>0xbc20</run_address>
         <size>0x160</size>
         <input_file_ref idref="fl-56"/>
      </object_component>
      <object_component id="oc-164">
         <name>.text</name>
         <load_address>0xbd80</load_address>
         <run_address>0xbd80</run_address>
         <size>0x140</size>
         <input_file_ref idref="fl-7"/>
      </object_component>
      <object_component id="oc-17b">
         <name>.text:_EDMA_reset</name>
         <load_address>0xbec0</load_address>
         <run_address>0xbec0</run_address>
         <size>0x140</size>
         <input_file_ref idref="fl-1a"/>
      </object_component>
      <object_component id="oc-157">
         <name>.text:_HOSTread</name>
         <load_address>0xc000</load_address>
         <run_address>0xc000</run_address>
         <size>0x140</size>
         <input_file_ref idref="fl-39"/>
      </object_component>
      <object_component id="oc-176">
         <name>.text:_TIMER_open</name>
         <load_address>0xc140</load_address>
         <run_address>0xc140</run_address>
         <size>0x140</size>
         <input_file_ref idref="fl-1e"/>
      </object_component>
      <object_component id="oc-1c8">
         <name>.text:__frcmpyd_div</name>
         <load_address>0xc280</load_address>
         <run_address>0xc280</run_address>
         <size>0x140</size>
         <input_file_ref idref="fl-48"/>
      </object_component>
      <object_component id="oc-16f">
         <name>.text:__strasgi</name>
         <load_address>0xc3c0</load_address>
         <run_address>0xc3c0</run_address>
         <size>0x140</size>
         <input_file_ref idref="fl-37"/>
      </object_component>
      <object_component id="oc-1a8">
         <name>.text:_atoi</name>
         <load_address>0xc500</load_address>
         <run_address>0xc500</run_address>
         <size>0x140</size>
         <input_file_ref idref="fl-3f"/>
      </object_component>
      <object_component id="oc-19f">
         <name>.text:_fflush</name>
         <load_address>0xc640</load_address>
         <run_address>0xc640</run_address>
         <size>0x140</size>
         <input_file_ref idref="fl-2a"/>
      </object_component>
      <object_component id="oc-1c5">
         <name>.text:_ltoa</name>
         <load_address>0xc780</load_address>
         <run_address>0xc780</run_address>
         <size>0x140</size>
         <input_file_ref idref="fl-4e"/>
      </object_component>
      <object_component id="oc-155">
         <name>.text:_HOSTopen</name>
         <load_address>0xc8c0</load_address>
         <run_address>0xc8c0</run_address>
         <size>0x120</size>
         <input_file_ref idref="fl-39"/>
      </object_component>
      <object_component id="oc-158">
         <name>.text:_HOSTwrite</name>
         <load_address>0xc9e0</load_address>
         <run_address>0xc9e0</run_address>
         <size>0x120</size>
         <input_file_ref idref="fl-39"/>
      </object_component>
      <object_component id="oc-18e">
         <name>.text:_TIMER_reset</name>
         <load_address>0xcb00</load_address>
         <run_address>0xcb00</run_address>
         <size>0x120</size>
         <input_file_ref idref="fl-1e"/>
      </object_component>
      <object_component id="oc-1a4">
         <name>.text:__wrt_ok</name>
         <load_address>0xcc20</load_address>
         <run_address>0xcc20</run_address>
         <size>0x120</size>
         <input_file_ref idref="fl-3b"/>
      </object_component>
      <object_component id="oc-1cc">
         <name>.text:_close</name>
         <load_address>0xcd40</load_address>
         <run_address>0xcd40</run_address>
         <size>0x120</size>
         <input_file_ref idref="fl-30"/>
      </object_component>
      <object_component id="oc-19e">
         <name>.text:_fprintf</name>
         <load_address>0xce60</load_address>
         <run_address>0xce60</run_address>
         <size>0x120</size>
         <input_file_ref idref="fl-2d"/>
      </object_component>
      <object_component id="oc-1a7">
         <name>.text:_memset</name>
         <load_address>0xcf80</load_address>
         <run_address>0xcf80</run_address>
         <size>0x120</size>
         <input_file_ref idref="fl-50"/>
      </object_component>
      <object_component id="oc-156">
         <name>.text:_HOSTclose</name>
         <load_address>0xd0a0</load_address>
         <run_address>0xd0a0</run_address>
         <size>0x100</size>
         <input_file_ref idref="fl-39"/>
      </object_component>
      <object_component id="oc-15a">
         <name>.text:_HOSTunlink</name>
         <load_address>0xd1a0</load_address>
         <run_address>0xd1a0</run_address>
         <size>0x100</size>
         <input_file_ref idref="fl-39"/>
      </object_component>
      <object_component id="oc-163">
         <name>.text:_I2C_open</name>
         <load_address>0xd2a0</load_address>
         <run_address>0xd2a0</run_address>
         <size>0x100</size>
         <input_file_ref idref="fl-1b"/>
      </object_component>
      <object_component id="oc-165">
         <name>.text:_MCBSP_open</name>
         <load_address>0xd3a0</load_address>
         <run_address>0xd3a0</run_address>
         <size>0x100</size>
         <input_file_ref idref="fl-1d"/>
      </object_component>
      <object_component id="oc-16a">
         <name>.text:_MCBSP_start</name>
         <load_address>0xd4a0</load_address>
         <run_address>0xd4a0</run_address>
         <size>0x100</size>
         <input_file_ref idref="fl-1d"/>
      </object_component>
      <object_component id="oc-14c">
         <name>.text:__auto_init</name>
         <load_address>0xd5a0</load_address>
         <run_address>0xd5a0</run_address>
         <size>0x100</size>
         <input_file_ref idref="fl-40"/>
      </object_component>
      <object_component id="oc-1c1">
         <name>.text:__div</name>
         <load_address>0xd6a0</load_address>
         <run_address>0xd6a0</run_address>
         <size>0x100</size>
         <input_file_ref idref="fl-3d"/>
      </object_component>
      <object_component id="oc-1cf">
         <name>.text:__divli</name>
         <load_address>0xd7a0</load_address>
         <run_address>0xd7a0</run_address>
         <size>0x100</size>
         <input_file_ref idref="fl-4a"/>
      </object_component>
      <object_component id="oc-1b4">
         <name>.text:__pconv_f</name>
         <load_address>0xd8a0</load_address>
         <run_address>0xd8a0</run_address>
         <size>0x100</size>
         <input_file_ref idref="fl-3d"/>
      </object_component>
      <object_component id="oc-1b9">
         <name>.text:_lseek</name>
         <load_address>0xd9a0</load_address>
         <run_address>0xd9a0</run_address>
         <size>0x100</size>
         <input_file_ref idref="fl-30"/>
      </object_component>
      <object_component id="oc-170">
         <name>.text:_printf</name>
         <load_address>0xdaa0</load_address>
         <run_address>0xdaa0</run_address>
         <size>0x100</size>
         <input_file_ref idref="fl-36"/>
      </object_component>
      <object_component id="oc-1a6">
         <name>.text:_write</name>
         <load_address>0xdba0</load_address>
         <run_address>0xdba0</run_address>
         <size>0x100</size>
         <input_file_ref idref="fl-30"/>
      </object_component>
      <object_component id="oc-1a5">
         <name>.text:__doflush</name>
         <load_address>0xdca0</load_address>
         <run_address>0xdca0</run_address>
         <size>0xe0</size>
         <input_file_ref idref="fl-2a"/>
      </object_component>
      <object_component id="oc-1bc">
         <name>.text:__ecpy</name>
         <load_address>0xdd80</load_address>
         <run_address>0xdd80</run_address>
         <size>0xe0</size>
         <input_file_ref idref="fl-3d"/>
      </object_component>
      <object_component id="oc-1bf">
         <name>.text:__fcpy</name>
         <load_address>0xde60</load_address>
         <run_address>0xde60</run_address>
         <size>0xe0</size>
         <input_file_ref idref="fl-3d"/>
      </object_component>
      <object_component id="oc-154">
         <name>.text:__strasg</name>
         <load_address>0xdf40</load_address>
         <run_address>0xdf40</run_address>
         <size>0xe0</size>
         <input_file_ref idref="fl-37"/>
      </object_component>
      <object_component id="oc-14e">
         <name>.text:_exit</name>
         <load_address>0xe020</load_address>
         <run_address>0xe020</run_address>
         <size>0xe0</size>
         <input_file_ref idref="fl-29"/>
      </object_component>
      <object_component id="oc-181">
         <name>.text:_minsert</name>
         <load_address>0xe100</load_address>
         <run_address>0xe100</run_address>
         <size>0xe0</size>
         <input_file_ref idref="fl-32"/>
      </object_component>
      <object_component id="oc-180">
         <name>.text:_mremove</name>
         <load_address>0xe1e0</load_address>
         <run_address>0xe1e0</run_address>
         <size>0xe0</size>
         <input_file_ref idref="fl-32"/>
      </object_component>
      <object_component id="oc-166">
         <name>.text:_EDMA_clearPram</name>
         <load_address>0xe2c0</load_address>
         <run_address>0xe2c0</run_address>
         <size>0xc0</size>
         <input_file_ref idref="fl-1a"/>
      </object_component>
      <object_component id="oc-1c9">
         <name>.text:__divu</name>
         <load_address>0xe380</load_address>
         <run_address>0xe380</run_address>
         <size>0xc0</size>
         <input_file_ref idref="fl-45"/>
      </object_component>
      <object_component id="oc-15d">
         <name>.text:_copy_in</name>
         <load_address>0xe440</load_address>
         <run_address>0xe440</run_address>
         <size>0xc0</size>
         <input_file_ref idref="fl-42"/>
      </object_component>
      <object_component id="oc-1d4">
         <name>.text:_finddevice</name>
         <load_address>0xe500</load_address>
         <run_address>0xe500</run_address>
         <size>0xc0</size>
         <input_file_ref idref="fl-30"/>
      </object_component>
      <object_component id="oc-16d">
         <name>.text</name>
         <load_address>0xe5c0</load_address>
         <run_address>0xe5c0</run_address>
         <size>0xa0</size>
         <input_file_ref idref="fl-a"/>
      </object_component>
      <object_component id="oc-17d">
         <name>.text:_EDMA_close</name>
         <load_address>0xe660</load_address>
         <run_address>0xe660</run_address>
         <size>0xa0</size>
         <input_file_ref idref="fl-1a"/>
      </object_component>
      <object_component id="oc-182">
         <name>.text:_MCBSP_close</name>
         <load_address>0xe700</load_address>
         <run_address>0xe700</run_address>
         <size>0xa0</size>
         <input_file_ref idref="fl-1d"/>
      </object_component>
      <object_component id="oc-175">
         <name>.text:__IRQ_init</name>
         <load_address>0xe7a0</load_address>
         <run_address>0xe7a0</run_address>
         <size>0xa0</size>
         <input_file_ref idref="fl-1c"/>
      </object_component>
      <object_component id="oc-1c4">
         <name>.text:__fixdli</name>
         <load_address>0xe840</load_address>
         <run_address>0xe840</run_address>
         <size>0xa0</size>
         <input_file_ref idref="fl-46"/>
      </object_component>
      <object_component id="oc-188">
         <name>.text:__fixfi</name>
         <load_address>0xe8e0</load_address>
         <run_address>0xe8e0</run_address>
         <size>0xa0</size>
         <input_file_ref idref="fl-2b"/>
      </object_component>
      <object_component id="oc-1c2">
         <name>.text:__mpyll</name>
         <load_address>0xe980</load_address>
         <run_address>0xe980</run_address>
         <size>0xa0</size>
         <input_file_ref idref="fl-51"/>
      </object_component>
      <object_component id="oc-1ce">
         <name>.text:__remli</name>
         <load_address>0xea20</load_address>
         <run_address>0xea20</run_address>
         <size>0xa0</size>
         <input_file_ref idref="fl-4a"/>
      </object_component>
      <object_component id="oc-174">
         <name>.text:_readmsg</name>
         <load_address>0xeac0</load_address>
         <run_address>0xeac0</run_address>
         <size>0xa0</size>
         <input_file_ref idref="fl-3a"/>
      </object_component>
      <object_component id="oc-18f">
         <name>.text:_setMux</name>
         <load_address>0xeb60</load_address>
         <run_address>0xeb60</run_address>
         <size>0xa0</size>
         <input_file_ref idref="fl-1c"/>
      </object_component>
      <object_component id="oc-1d2">
         <name>.text:_unlink</name>
         <load_address>0xec00</load_address>
         <run_address>0xec00</run_address>
         <size>0xa0</size>
         <input_file_ref idref="fl-30"/>
      </object_component>
      <object_component id="oc-173">
         <name>.text:_writemsg</name>
         <load_address>0xeca0</load_address>
         <run_address>0xeca0</run_address>
         <size>0xa0</size>
         <input_file_ref idref="fl-3a"/>
      </object_component>
      <object_component id="oc-17f">
         <name>.text:_EDMA_freeTable</name>
         <load_address>0xed40</load_address>
         <run_address>0xed40</run_address>
         <size>0x80</size>
         <input_file_ref idref="fl-1a"/>
      </object_component>
      <object_component id="oc-15e">
         <name>.text:___TI_cpp_init</name>
         <load_address>0xedc0</load_address>
         <run_address>0xedc0</run_address>
         <size>0x80</size>
         <input_file_ref idref="fl-41"/>
      </object_component>
      <object_component id="oc-192">
         <name>.text:__abort_msg</name>
         <load_address>0xee40</load_address>
         <run_address>0xee40</run_address>
         <size>0x80</size>
         <input_file_ref idref="fl-21"/>
      </object_component>
      <object_component id="oc-1c6">
         <name>.text:__fltlid</name>
         <load_address>0xeec0</load_address>
         <run_address>0xeec0</run_address>
         <size>0x80</size>
         <input_file_ref idref="fl-47"/>
      </object_component>
      <object_component id="oc-1d0">
         <name>.text:__llshl</name>
         <load_address>0xef40</load_address>
         <run_address>0xef40</run_address>
         <size>0x80</size>
         <input_file_ref idref="fl-4d"/>
      </object_component>
      <object_component id="oc-e">
         <name>.text:_c_int00</name>
         <load_address>0xefc0</load_address>
         <run_address>0xefc0</run_address>
         <size>0x80</size>
         <input_file_ref idref="fl-22"/>
      </object_component>
      <object_component id="oc-1ab">
         <name>.text:_memccpy</name>
         <load_address>0xf040</load_address>
         <run_address>0xf040</run_address>
         <size>0x80</size>
         <input_file_ref idref="fl-4f"/>
      </object_component>
      <object_component id="oc-68">
         <name>.text</name>
         <load_address>0xf0c0</load_address>
         <run_address>0xf0c0</run_address>
         <size>0x80</size>
         <input_file_ref idref="fl-17"/>
      </object_component>
      <object_component id="oc-190">
         <name>.text:_EDMA_disableChannel</name>
         <load_address>0xf140</load_address>
         <run_address>0xf140</run_address>
         <size>0x60</size>
         <input_file_ref idref="fl-1a"/>
      </object_component>
      <object_component id="oc-17c">
         <name>.text:_EDMA_enableChannel</name>
         <load_address>0xf1a0</load_address>
         <run_address>0xf1a0</run_address>
         <size>0x60</size>
         <input_file_ref idref="fl-1a"/>
      </object_component>
      <object_component id="oc-1b2">
         <name>.text:___isinf</name>
         <load_address>0xf200</load_address>
         <run_address>0xf200</run_address>
         <size>0x60</size>
         <input_file_ref idref="fl-4c"/>
      </object_component>
      <object_component id="oc-184">
         <name>.text:__fltif</name>
         <load_address>0xf260</load_address>
         <run_address>0xf260</run_address>
         <size>0x60</size>
         <input_file_ref idref="fl-2c"/>
      </object_component>
      <object_component id="oc-1c7">
         <name>.text:__llshru</name>
         <load_address>0xf2c0</load_address>
         <run_address>0xf2c0</run_address>
         <size>0x60</size>
         <input_file_ref idref="fl-4d"/>
      </object_component>
      <object_component id="oc-1d1">
         <name>.text:__subcull</name>
         <load_address>0xf320</load_address>
         <run_address>0xf320</run_address>
         <size>0x60</size>
         <input_file_ref idref="fl-4b"/>
      </object_component>
      <object_component id="oc-1b1">
         <name>.text:___isnan</name>
         <load_address>0xf380</load_address>
         <run_address>0xf380</run_address>
         <size>0x40</size>
         <input_file_ref idref="fl-3d"/>
      </object_component>
      <object_component id="oc-14d">
         <name>.text:__args_main</name>
         <load_address>0xf3c0</load_address>
         <run_address>0xf3c0</run_address>
         <size>0x40</size>
         <input_file_ref idref="fl-3e"/>
      </object_component>
      <object_component id="oc-162">
         <name>.text</name>
         <load_address>0xf400</load_address>
         <run_address>0xf400</run_address>
         <size>0x20</size>
         <input_file_ref idref="fl-2"/>
      </object_component>
      <object_component id="oc-160">
         <name>.text:_CSL6713_LIB_</name>
         <load_address>0xf420</load_address>
         <run_address>0xf420</run_address>
         <size>0x20</size>
         <input_file_ref idref="fl-19"/>
      </object_component>
      <object_component id="oc-178">
         <name>.text:_IRQ_setVecs</name>
         <load_address>0xf440</load_address>
         <run_address>0xf440</run_address>
         <size>0x20</size>
         <input_file_ref idref="fl-1c"/>
      </object_component>
      <object_component id="oc-195">
         <name>.text:__addd</name>
         <load_address>0xf460</load_address>
         <run_address>0xf460</run_address>
         <size>0x20</size>
         <input_file_ref idref="fl-1f"/>
      </object_component>
      <object_component id="oc-187">
         <name>.text:__addf</name>
         <load_address>0xf480</load_address>
         <run_address>0xf480</run_address>
         <size>0x20</size>
         <input_file_ref idref="fl-20"/>
      </object_component>
      <object_component id="oc-1a1">
         <name>.text:__cmpd</name>
         <load_address>0xf4a0</load_address>
         <run_address>0xf4a0</run_address>
         <size>0x20</size>
         <input_file_ref idref="fl-23"/>
      </object_component>
      <object_component id="oc-1a0">
         <name>.text:__cmpf</name>
         <load_address>0xf4c0</load_address>
         <run_address>0xf4c0</run_address>
         <size>0x20</size>
         <input_file_ref idref="fl-24"/>
      </object_component>
      <object_component id="oc-196">
         <name>.text:__cvtdf</name>
         <load_address>0xf4e0</load_address>
         <run_address>0xf4e0</run_address>
         <size>0x20</size>
         <input_file_ref idref="fl-25"/>
      </object_component>
      <object_component id="oc-191">
         <name>.text:__cvtfd</name>
         <load_address>0xf500</load_address>
         <run_address>0xf500</run_address>
         <size>0x20</size>
         <input_file_ref idref="fl-26"/>
      </object_component>
      <object_component id="oc-194">
         <name>.text:__mpyd</name>
         <load_address>0xf520</load_address>
         <run_address>0xf520</run_address>
         <size>0x20</size>
         <input_file_ref idref="fl-33"/>
      </object_component>
      <object_component id="oc-186">
         <name>.text:__mpyf</name>
         <load_address>0xf540</load_address>
         <run_address>0xf540</run_address>
         <size>0x20</size>
         <input_file_ref idref="fl-34"/>
      </object_component>
      <object_component id="oc-1a3">
         <name>.text:__negf</name>
         <load_address>0xf560</load_address>
         <run_address>0xf560</run_address>
         <size>0x20</size>
         <input_file_ref idref="fl-35"/>
      </object_component>
      <object_component id="oc-1b7">
         <name>.text:__negll</name>
         <load_address>0xf580</load_address>
         <run_address>0xf580</run_address>
         <size>0x20</size>
         <input_file_ref idref="fl-52"/>
      </object_component>
      <object_component id="oc-15c">
         <name>.text:__nop</name>
         <load_address>0xf5a0</load_address>
         <run_address>0xf5a0</run_address>
         <size>0x20</size>
         <input_file_ref idref="fl-3c"/>
      </object_component>
      <object_component id="oc-1ad">
         <name>.text:__outc</name>
         <load_address>0xf5c0</load_address>
         <run_address>0xf5c0</run_address>
         <size>0x20</size>
         <input_file_ref idref="fl-2d"/>
      </object_component>
      <object_component id="oc-18b">
         <name>.text:__outc</name>
         <load_address>0xf5e0</load_address>
         <run_address>0xf5e0</run_address>
         <size>0x20</size>
         <input_file_ref idref="fl-36"/>
      </object_component>
      <object_component id="oc-1ac">
         <name>.text:__outs</name>
         <load_address>0xf600</load_address>
         <run_address>0xf600</run_address>
         <size>0x20</size>
         <input_file_ref idref="fl-2d"/>
      </object_component>
      <object_component id="oc-18a">
         <name>.text:__outs</name>
         <load_address>0xf620</load_address>
         <run_address>0xf620</run_address>
         <size>0x20</size>
         <input_file_ref idref="fl-36"/>
      </object_component>
      <object_component id="oc-189">
         <name>.text:__subf</name>
         <load_address>0xf640</load_address>
         <run_address>0xf640</run_address>
         <size>0x20</size>
         <input_file_ref idref="fl-38"/>
      </object_component>
      <object_component id="oc-15f">
         <name>.text:_abort</name>
         <load_address>0xf660</load_address>
         <run_address>0xf660</run_address>
         <size>0x20</size>
         <input_file_ref idref="fl-29"/>
      </object_component>
      <object_component id="oc-1cd">
         <name>.text:_remove</name>
         <load_address>0xf680</load_address>
         <run_address>0xf680</run_address>
         <size>0x20</size>
         <input_file_ref idref="fl-57"/>
      </object_component>
      <object_component id="oc-80">
         <name>.text</name>
         <load_address>0xf6a0</load_address>
         <run_address>0xf6a0</run_address>
         <size>0x20</size>
         <input_file_ref idref="fl-1c"/>
      </object_component>
      <object_component id="oc-5d">
         <name>.text</name>
         <load_address>0xf6c0</load_address>
         <run_address>0xf6c0</run_address>
         <size>0x20</size>
         <input_file_ref idref="fl-10"/>
      </object_component>
      <object_component id="oc-9b">
         <name>.stack</name>
         <uninitialized>true</uninitialized>
         <run_address>0xf6e0</run_address>
         <size>0x8</size>
         <input_file_ref idref="fl-22"/>
      </object_component>
      <object_component id="oc-1ec">
         <name>.stack</name>
         <uninitialized>true</uninitialized>
         <run_address>0xf6e0</run_address>
         <size>0x0</size>
      </object_component>
      <object_component id="oc-16">
         <name>.far</name>
         <uninitialized>true</uninitialized>
         <run_address>0x10624</run_address>
         <size>0xe</size>
         <input_file_ref idref="fl-3"/>
      </object_component>
      <object_component id="oc-45">
         <name>.far</name>
         <uninitialized>true</uninitialized>
         <run_address>0x10528</run_address>
         <size>0x50</size>
         <input_file_ref idref="fl-c"/>
      </object_component>
      <object_component id="oc-51">
         <name>.far</name>
         <uninitialized>true</uninitialized>
         <run_address>0x10414</run_address>
         <size>0xbe</size>
         <input_file_ref idref="fl-e"/>
      </object_component>
      <object_component id="oc-63">
         <name>.far</name>
         <uninitialized>true</uninitialized>
         <run_address>0x104d2</run_address>
         <size>0x2</size>
         <input_file_ref idref="fl-16"/>
      </object_component>
      <object_component id="oc-6d">
         <name>.far</name>
         <uninitialized>true</uninitialized>
         <run_address>0x10632</run_address>
         <size>0x2</size>
         <input_file_ref idref="fl-18"/>
      </object_component>
      <object_component id="oc-72">
         <name>.far</name>
         <uninitialized>true</uninitialized>
         <run_address>0x105b0</run_address>
         <size>0x28</size>
         <input_file_ref idref="fl-19"/>
      </object_component>
      <object_component id="oc-77">
         <name>.far</name>
         <uninitialized>true</uninitialized>
         <run_address>0x104d4</run_address>
         <size>0x54</size>
         <input_file_ref idref="fl-1a"/>
      </object_component>
      <object_component id="oc-7c">
         <name>.far</name>
         <uninitialized>true</uninitialized>
         <run_address>0x105d8</run_address>
         <size>0x28</size>
         <input_file_ref idref="fl-1b"/>
      </object_component>
      <object_component id="oc-82">
         <name>.far</name>
         <uninitialized>true</uninitialized>
         <run_address>0x10320</run_address>
         <size>0xf4</size>
         <input_file_ref idref="fl-1c"/>
      </object_component>
      <object_component id="oc-87">
         <name>.far</name>
         <uninitialized>true</uninitialized>
         <run_address>0x10578</run_address>
         <size>0x38</size>
         <input_file_ref idref="fl-1d"/>
      </object_component>
      <object_component id="oc-8c">
         <name>.far</name>
         <uninitialized>true</uninitialized>
         <run_address>0x10600</run_address>
         <size>0x24</size>
         <input_file_ref idref="fl-1e"/>
      </object_component>
      <object_component id="oc-ac">
         <name>.far</name>
         <uninitialized>true</uninitialized>
         <run_address>0xfee0</run_address>
         <size>0x324</size>
         <input_file_ref idref="fl-27"/>
      </object_component>
      <object_component id="oc-b3">
         <name>.far</name>
         <uninitialized>true</uninitialized>
         <run_address>0x10634</run_address>
         <size>0xc</size>
         <input_file_ref idref="fl-29"/>
      </object_component>
      <object_component id="oc-cb">
         <name>.far</name>
         <uninitialized>true</uninitialized>
         <run_address>0x10204</run_address>
         <size>0x11c</size>
         <input_file_ref idref="fl-30"/>
      </object_component>
      <object_component id="oc-d3">
         <name>.far</name>
         <uninitialized>true</uninitialized>
         <run_address>0x10648</run_address>
         <size>0x8</size>
         <input_file_ref idref="fl-32"/>
      </object_component>
      <object_component id="oc-ea">
         <name>.far</name>
         <uninitialized>true</uninitialized>
         <run_address>0x10650</run_address>
         <size>0x8</size>
         <input_file_ref idref="fl-39"/>
      </object_component>
      <object_component id="oc-f6">
         <name>.far</name>
         <uninitialized>true</uninitialized>
         <run_address>0x10640</run_address>
         <size>0x8</size>
         <input_file_ref idref="fl-3c"/>
      </object_component>
      <object_component id="oc-143">
         <name>.far</name>
         <uninitialized>true</uninitialized>
         <run_address>0x10658</run_address>
         <size>0x4</size>
         <input_file_ref idref="fl-55"/>
      </object_component>
      <object_component id="oc-171">
         <name>.switch:_AnalyzeCommands</name>
         <load_address>0x118fc</load_address>
         <run_address>0x118fc</run_address>
         <size>0x30</size>
         <input_file_ref idref="fl-3"/>
      </object_component>
      <object_component id="oc-172">
         <name>.switch:_DAC_Prepare_EDMA</name>
         <load_address>0x1192c</load_address>
         <run_address>0x1192c</run_address>
         <size>0x10</size>
         <input_file_ref idref="fl-4"/>
      </object_component>
      <object_component id="oc-13">
         <name>.bss</name>
         <uninitialized>true</uninitialized>
         <run_address>0x118f8</run_address>
         <size>0x4</size>
         <input_file_ref idref="fl-3"/>
      </object_component>
      <object_component id="oc-1b">
         <name>.bss</name>
         <uninitialized>true</uninitialized>
         <run_address>0x11808</run_address>
         <size>0x58</size>
         <input_file_ref idref="fl-4"/>
      </object_component>
      <object_component id="oc-30">
         <name>.bss</name>
         <uninitialized>true</uninitialized>
         <run_address>0x118b4</run_address>
         <size>0x38</size>
         <input_file_ref idref="fl-8"/>
      </object_component>
      <object_component id="oc-4e">
         <name>.bss</name>
         <uninitialized>true</uninitialized>
         <run_address>0x11860</run_address>
         <size>0x54</size>
         <input_file_ref idref="fl-e"/>
      </object_component>
      <object_component id="oc-57">
         <name>.bss</name>
         <uninitialized>true</uninitialized>
         <run_address>0x118ec</run_address>
         <size>0xc</size>
         <input_file_ref idref="fl-f"/>
      </object_component>
      <object_component id="oc-d4">
         <name>.sysmem</name>
         <uninitialized>true</uninitialized>
         <run_address>0x11000</run_address>
         <size>0x8</size>
         <input_file_ref idref="fl-32"/>
      </object_component>
      <object_component id="oc-1ed">
         <name>.sysmem</name>
         <uninitialized>true</uninitialized>
         <run_address>0x11000</run_address>
         <size>0x0</size>
      </object_component>
      <object_component id="oc-1d">
         <name>.cinit</name>
         <load_address>0x10660</load_address>
         <run_address>0x10660</run_address>
         <size>0x15c</size>
         <input_file_ref idref="fl-4"/>
      </object_component>
      <object_component id="oc-81">
         <name>.cinit</name>
         <load_address>0x107c0</load_address>
         <run_address>0x107c0</run_address>
         <size>0x12c</size>
         <input_file_ref idref="fl-1c"/>
      </object_component>
      <object_component id="oc-50">
         <name>.cinit</name>
         <load_address>0x108f0</load_address>
         <run_address>0x108f0</run_address>
         <size>0x124</size>
         <input_file_ref idref="fl-e"/>
      </object_component>
      <object_component id="oc-32">
         <name>.cinit</name>
         <load_address>0x10a18</load_address>
         <run_address>0x10a18</run_address>
         <size>0xac</size>
         <input_file_ref idref="fl-8"/>
      </object_component>
      <object_component id="oc-76">
         <name>.cinit</name>
         <load_address>0x10ac8</load_address>
         <run_address>0x10ac8</run_address>
         <size>0x70</size>
         <input_file_ref idref="fl-1a"/>
      </object_component>
      <object_component id="oc-ab">
         <name>.cinit</name>
         <load_address>0x10b38</load_address>
         <run_address>0x10b38</run_address>
         <size>0x5c</size>
         <input_file_ref idref="fl-27"/>
      </object_component>
      <object_component id="oc-ca">
         <name>.cinit</name>
         <load_address>0x10b98</load_address>
         <run_address>0x10b98</run_address>
         <size>0x5c</size>
         <input_file_ref idref="fl-30"/>
      </object_component>
      <object_component id="oc-86">
         <name>.cinit</name>
         <load_address>0x10bf8</load_address>
         <run_address>0x10bf8</run_address>
         <size>0x54</size>
         <input_file_ref idref="fl-1d"/>
      </object_component>
      <object_component id="oc-8b">
         <name>.cinit</name>
         <load_address>0x10c50</load_address>
         <run_address>0x10c50</run_address>
         <size>0x4c</size>
         <input_file_ref idref="fl-1e"/>
      </object_component>
      <object_component id="oc-71">
         <name>.cinit</name>
         <load_address>0x10ca0</load_address>
         <run_address>0x10ca0</run_address>
         <size>0x3c</size>
         <input_file_ref idref="fl-19"/>
      </object_component>
      <object_component id="oc-7b">
         <name>.cinit</name>
         <load_address>0x10ce0</load_address>
         <run_address>0x10ce0</run_address>
         <size>0x30</size>
         <input_file_ref idref="fl-1b"/>
      </object_component>
      <object_component id="oc-b2">
         <name>.cinit</name>
         <load_address>0x10d10</load_address>
         <run_address>0x10d10</run_address>
         <size>0x2c</size>
         <input_file_ref idref="fl-29"/>
      </object_component>
      <object_component id="oc-d2">
         <name>.cinit</name>
         <load_address>0x10d40</load_address>
         <run_address>0x10d40</run_address>
         <size>0x2c</size>
         <input_file_ref idref="fl-32"/>
      </object_component>
      <object_component id="oc-15">
         <name>.cinit</name>
         <load_address>0x10d70</load_address>
         <run_address>0x10d70</run_address>
         <size>0x24</size>
         <input_file_ref idref="fl-3"/>
      </object_component>
      <object_component id="oc-f5">
         <name>.cinit</name>
         <load_address>0x10d98</load_address>
         <run_address>0x10d98</run_address>
         <size>0x1c</size>
         <input_file_ref idref="fl-3c"/>
      </object_component>
      <object_component id="oc-142">
         <name>.cinit</name>
         <load_address>0x10db8</load_address>
         <run_address>0x10db8</run_address>
         <size>0xc</size>
         <input_file_ref idref="fl-55"/>
      </object_component>
      <object_component id="oc-59">
         <name>.cinit</name>
         <load_address>0x10dc8</load_address>
         <run_address>0x10dc8</run_address>
         <size>0xc</size>
         <input_file_ref idref="fl-f"/>
      </object_component>
      <object_component id="oc-1b0">
         <name>.const:.string:__ctypes_</name>
         <load_address>0x11400</load_address>
         <run_address>0x11400</run_address>
         <size>0x101</size>
         <input_file_ref idref="fl-43"/>
      </object_component>
      <object_component id="oc-97">
         <name>.const:.string</name>
         <load_address>0x11501</load_address>
         <run_address>0x11501</run_address>
         <size>0x3</size>
         <input_file_ref idref="fl-21"/>
      </object_component>
      <object_component id="oc-38">
         <name>.const:.string</name>
         <load_address>0x11504</load_address>
         <run_address>0x11504</run_address>
         <size>0x8c</size>
         <input_file_ref idref="fl-9"/>
      </object_component>
      <object_component id="oc-4a">
         <name>.const:.string</name>
         <load_address>0x11590</load_address>
         <run_address>0x11590</run_address>
         <size>0x4c</size>
         <input_file_ref idref="fl-d"/>
      </object_component>
      <object_component id="oc-1e">
         <name>.const:.string</name>
         <load_address>0x115dc</load_address>
         <run_address>0x115dc</run_address>
         <size>0x40</size>
         <input_file_ref idref="fl-4"/>
      </object_component>
      <object_component id="oc-27">
         <name>.const</name>
         <load_address>0x1161c</load_address>
         <run_address>0x1161c</run_address>
         <size>0x40</size>
         <input_file_ref idref="fl-6"/>
      </object_component>
      <object_component id="oc-33">
         <name>.const:.string</name>
         <load_address>0x1165c</load_address>
         <run_address>0x1165c</run_address>
         <size>0x2c</size>
         <input_file_ref idref="fl-8"/>
      </object_component>
      <object_component id="oc-fa">
         <name>.const:.string</name>
         <load_address>0x11688</load_address>
         <run_address>0x11688</run_address>
         <size>0x23</size>
         <input_file_ref idref="fl-3d"/>
      </object_component>
      <object_component id="oc-64">
         <name>.const</name>
         <load_address>0x116ac</load_address>
         <run_address>0x116ac</run_address>
         <size>0x20</size>
         <input_file_ref idref="fl-16"/>
      </object_component>
      <object_component id="oc-28">
         <name>.const:.string</name>
         <load_address>0x116cc</load_address>
         <run_address>0x116cc</run_address>
         <size>0x10</size>
         <input_file_ref idref="fl-6"/>
      </object_component>
      <object_component id="oc-17">
         <name>.const:.string</name>
         <load_address>0x116dc</load_address>
         <run_address>0x116dc</run_address>
         <size>0x8</size>
         <input_file_ref idref="fl-3"/>
      </object_component>
      <object_component id="oc-c6">
         <name>.const:.string</name>
         <load_address>0x116e4</load_address>
         <run_address>0x116e4</run_address>
         <size>0x2</size>
         <input_file_ref idref="fl-2f"/>
      </object_component>
      <object_component id="oc-ee">
         <name>.cio</name>
         <uninitialized>true</uninitialized>
         <run_address>0x116e8</run_address>
         <size>0x120</size>
         <input_file_ref idref="fl-3a"/>
      </object_component>
      <object_component id="oc-f">
         <name>.debug_info</name>
         <load_address>0x0</load_address>
         <run_address>0x0</run_address>
         <size>0x67b</size>
         <input_file_ref idref="fl-2"/>
      </object_component>
      <object_component id="oc-14">
         <name>.debug_info</name>
         <load_address>0x67b</load_address>
         <run_address>0x67b</run_address>
         <size>0x1327</size>
         <input_file_ref idref="fl-3"/>
      </object_component>
      <object_component id="oc-1c">
         <name>.debug_info</name>
         <load_address>0x19a2</load_address>
         <run_address>0x19a2</run_address>
         <size>0xffe</size>
         <input_file_ref idref="fl-4"/>
      </object_component>
      <object_component id="oc-22">
         <name>.debug_info</name>
         <load_address>0x29a0</load_address>
         <run_address>0x29a0</run_address>
         <size>0xc4d</size>
         <input_file_ref idref="fl-5"/>
      </object_component>
      <object_component id="oc-26">
         <name>.debug_info</name>
         <load_address>0x35ed</load_address>
         <run_address>0x35ed</run_address>
         <size>0xbd4</size>
         <input_file_ref idref="fl-6"/>
      </object_component>
      <object_component id="oc-2c">
         <name>.debug_info</name>
         <load_address>0x41c1</load_address>
         <run_address>0x41c1</run_address>
         <size>0x746</size>
         <input_file_ref idref="fl-7"/>
      </object_component>
      <object_component id="oc-31">
         <name>.debug_info</name>
         <load_address>0x4907</load_address>
         <run_address>0x4907</run_address>
         <size>0x17d6</size>
         <input_file_ref idref="fl-8"/>
      </object_component>
      <object_component id="oc-37">
         <name>.debug_info</name>
         <load_address>0x60dd</load_address>
         <run_address>0x60dd</run_address>
         <size>0x1829</size>
         <input_file_ref idref="fl-9"/>
      </object_component>
      <object_component id="oc-3c">
         <name>.debug_info</name>
         <load_address>0x7906</load_address>
         <run_address>0x7906</run_address>
         <size>0x984</size>
         <input_file_ref idref="fl-a"/>
      </object_component>
      <object_component id="oc-40">
         <name>.debug_info</name>
         <load_address>0x828a</load_address>
         <run_address>0x828a</run_address>
         <size>0xeae</size>
         <input_file_ref idref="fl-b"/>
      </object_component>
      <object_component id="oc-44">
         <name>.debug_info</name>
         <load_address>0x9138</load_address>
         <run_address>0x9138</run_address>
         <size>0x1891</size>
         <input_file_ref idref="fl-c"/>
      </object_component>
      <object_component id="oc-49">
         <name>.debug_info</name>
         <load_address>0xa9c9</load_address>
         <run_address>0xa9c9</run_address>
         <size>0x17c6</size>
         <input_file_ref idref="fl-d"/>
      </object_component>
      <object_component id="oc-4f">
         <name>.debug_info</name>
         <load_address>0xc18f</load_address>
         <run_address>0xc18f</run_address>
         <size>0x2176</size>
         <input_file_ref idref="fl-e"/>
      </object_component>
      <object_component id="oc-58">
         <name>.debug_info</name>
         <load_address>0xe305</load_address>
         <run_address>0xe305</run_address>
         <size>0x788</size>
         <input_file_ref idref="fl-f"/>
      </object_component>
      <object_component id="oc-5f">
         <name>.debug_info</name>
         <load_address>0xea8d</load_address>
         <run_address>0xea8d</run_address>
         <size>0xfb</size>
         <input_file_ref idref="fl-10"/>
      </object_component>
      <object_component id="oc-66">
         <name>.debug_info</name>
         <load_address>0xeb88</load_address>
         <run_address>0xeb88</run_address>
         <size>0x8a7</size>
         <input_file_ref idref="fl-16"/>
      </object_component>
      <object_component id="oc-6a">
         <name>.debug_info</name>
         <load_address>0xf42f</load_address>
         <run_address>0xf42f</run_address>
         <size>0x4c3</size>
         <input_file_ref idref="fl-17"/>
      </object_component>
      <object_component id="oc-6f">
         <name>.debug_info</name>
         <load_address>0xf8f2</load_address>
         <run_address>0xf8f2</run_address>
         <size>0x60b</size>
         <input_file_ref idref="fl-18"/>
      </object_component>
      <object_component id="oc-74">
         <name>.debug_info</name>
         <load_address>0xfefd</load_address>
         <run_address>0xfefd</run_address>
         <size>0xa13</size>
         <input_file_ref idref="fl-19"/>
      </object_component>
      <object_component id="oc-79">
         <name>.debug_info</name>
         <load_address>0x10910</load_address>
         <run_address>0x10910</run_address>
         <size>0xf51</size>
         <input_file_ref idref="fl-1a"/>
      </object_component>
      <object_component id="oc-7e">
         <name>.debug_info</name>
         <load_address>0x11861</load_address>
         <run_address>0x11861</run_address>
         <size>0x9ab</size>
         <input_file_ref idref="fl-1b"/>
      </object_component>
      <object_component id="oc-84">
         <name>.debug_info</name>
         <load_address>0x1220c</load_address>
         <run_address>0x1220c</run_address>
         <size>0xc67</size>
         <input_file_ref idref="fl-1c"/>
      </object_component>
      <object_component id="oc-89">
         <name>.debug_info</name>
         <load_address>0x12e73</load_address>
         <run_address>0x12e73</run_address>
         <size>0xb6c</size>
         <input_file_ref idref="fl-1d"/>
      </object_component>
      <object_component id="oc-8e">
         <name>.debug_info</name>
         <load_address>0x139df</load_address>
         <run_address>0x139df</run_address>
         <size>0x93b</size>
         <input_file_ref idref="fl-1e"/>
      </object_component>
      <object_component id="oc-90">
         <name>.debug_info</name>
         <load_address>0x1431a</load_address>
         <run_address>0x1431a</run_address>
         <size>0x639</size>
         <input_file_ref idref="fl-1f"/>
      </object_component>
      <object_component id="oc-93">
         <name>.debug_info</name>
         <load_address>0x14953</load_address>
         <run_address>0x14953</run_address>
         <size>0x639</size>
         <input_file_ref idref="fl-20"/>
      </object_component>
      <object_component id="oc-96">
         <name>.debug_info</name>
         <load_address>0x14f8c</load_address>
         <run_address>0x14f8c</run_address>
         <size>0x786</size>
         <input_file_ref idref="fl-21"/>
      </object_component>
      <object_component id="oc-9a">
         <name>.debug_info</name>
         <load_address>0x15712</load_address>
         <run_address>0x15712</run_address>
         <size>0x70d</size>
         <input_file_ref idref="fl-22"/>
      </object_component>
      <object_component id="oc-9e">
         <name>.debug_info</name>
         <load_address>0x15e1f</load_address>
         <run_address>0x15e1f</run_address>
         <size>0x639</size>
         <input_file_ref idref="fl-23"/>
      </object_component>
      <object_component id="oc-a1">
         <name>.debug_info</name>
         <load_address>0x16458</load_address>
         <run_address>0x16458</run_address>
         <size>0x639</size>
         <input_file_ref idref="fl-24"/>
      </object_component>
      <object_component id="oc-a4">
         <name>.debug_info</name>
         <load_address>0x16a91</load_address>
         <run_address>0x16a91</run_address>
         <size>0x624</size>
         <input_file_ref idref="fl-25"/>
      </object_component>
      <object_component id="oc-a7">
         <name>.debug_info</name>
         <load_address>0x170b5</load_address>
         <run_address>0x170b5</run_address>
         <size>0x624</size>
         <input_file_ref idref="fl-26"/>
      </object_component>
      <object_component id="oc-aa">
         <name>.debug_info</name>
         <load_address>0x176d9</load_address>
         <run_address>0x176d9</run_address>
         <size>0x6e9</size>
         <input_file_ref idref="fl-27"/>
      </object_component>
      <object_component id="oc-ae">
         <name>.debug_info</name>
         <load_address>0x17dc2</load_address>
         <run_address>0x17dc2</run_address>
         <size>0x8d0</size>
         <input_file_ref idref="fl-28"/>
      </object_component>
      <object_component id="oc-b1">
         <name>.debug_info</name>
         <load_address>0x18692</load_address>
         <run_address>0x18692</run_address>
         <size>0x800</size>
         <input_file_ref idref="fl-29"/>
      </object_component>
      <object_component id="oc-b6">
         <name>.debug_info</name>
         <load_address>0x18e92</load_address>
         <run_address>0x18e92</run_address>
         <size>0x88b</size>
         <input_file_ref idref="fl-2a"/>
      </object_component>
      <object_component id="oc-b9">
         <name>.debug_info</name>
         <load_address>0x1971d</load_address>
         <run_address>0x1971d</run_address>
         <size>0x64e</size>
         <input_file_ref idref="fl-2b"/>
      </object_component>
      <object_component id="oc-bc">
         <name>.debug_info</name>
         <load_address>0x19d6b</load_address>
         <run_address>0x19d6b</run_address>
         <size>0x661</size>
         <input_file_ref idref="fl-2c"/>
      </object_component>
      <object_component id="oc-bf">
         <name>.debug_info</name>
[...]
      </symbol>
      <symbol id="sm-50e">
         <name>_DSK6713_LED_toggle</name>
         <value>0xaae0</value>
         <object_component_ref idref="oc-6c"/>
      </symbol>
      <symbol id="sm-50f">
         <name>_DSK6713_LED_off</name>
         <value>0xaa00</value>
         <object_component_ref idref="oc-6c"/>
      </symbol>
      <symbol id="sm-51f">
         <name>_CSL6713_LIB_</name>
         <value>0xf420</value>
         <object_component_ref idref="oc-160"/>
      </symbol>
      <symbol id="sm-520">
         <name>__CSL_init</name>
         <value>0xa100</value>
         <object_component_ref idref="oc-161"/>
      </symbol>
      <symbol id="sm-53e">
         <name>_EDMA_enableChannel</name>
         <value>0xf1a0</value>
         <object_component_ref idref="oc-17c"/>
      </symbol>
      <symbol id="sm-53f">
         <name>_EDMA_resetAll</name>
         <value>0xb440</value>
         <object_component_ref idref="oc-17e"/>
      </symbol>
      <symbol id="sm-540">
         <name>_EDMA_clearPram</name>
         <value>0xe2c0</value>
         <object_component_ref idref="oc-166"/>
      </symbol>
      <symbol id="sm-541">
         <name>_EDMA_reset</name>
         <value>0xbec0</value>
         <object_component_ref idref="oc-17b"/>
      </symbol>
      <symbol id="sm-542">
         <name>_tccAllocTable</name>
         <value>0x104e8</value>
         <object_component_ref idref="oc-77"/>
      </symbol>
      <symbol id="sm-543">
         <name>_EDMA_close</name>
         <value>0xe660</value>
         <object_component_ref idref="oc-17d"/>
      </symbol>
      <symbol id="sm-544">
         <name>_EDMA_open</name>
         <value>0x9340</value>
         <object_component_ref idref="oc-167"/>
      </symbol>
      <symbol id="sm-545">
         <name>_EDMA_freeTable</name>
         <value>0xed40</value>
         <object_component_ref idref="oc-17f"/>
      </symbol>
      <symbol id="sm-546">
         <name>_EDMA_disableChannel</name>
         <value>0xf140</value>
         <object_component_ref idref="oc-190"/>
      </symbol>
      <symbol id="sm-547">
         <name>_EDMA_allocTable</name>
         <value>0xb2a0</value>
         <object_component_ref idref="oc-168"/>
      </symbol>
      <symbol id="sm-557">
         <name>_I2C_open</name>
         <value>0xd2a0</value>
         <object_component_ref idref="oc-163"/>
      </symbol>
      <symbol id="sm-558">
         <name>_I2C_reset</name>
         <value>0xaba0</value>
         <object_component_ref idref="oc-177"/>
      </symbol>
      <symbol id="sm-570">
         <name>_IRQ_setVecs</name>
         <value>0xf440</value>
         <object_component_ref idref="oc-178"/>
      </symbol>
      <symbol id="sm-571">
         <name>__IRQ_eventTable</name>
         <value>0x10348</value>
         <object_component_ref idref="oc-82"/>
      </symbol>
      <symbol id="sm-572">
         <name>__IRQ_intTable</name>
         <value>0x103cc</value>
         <object_component_ref idref="oc-82"/>
      </symbol>
      <symbol id="sm-573">
         <name>_IRQ_map</name>
         <value>0xad60</value>
         <object_component_ref idref="oc-179"/>
      </symbol>
      <symbol id="sm-574">
         <name>__IRQ_init</name>
         <value>0xe7a0</value>
         <object_component_ref idref="oc-175"/>
      </symbol>
      <symbol id="sm-575">
         <name>__IRQ_dispatchTable</name>
         <value>0x1040c</value>
         <object_component_ref idref="oc-82"/>
      </symbol>
      <symbol id="sm-576">
         <name>__IRQ_hookFetchPacket</name>
         <value>0xf6a0</value>
         <object_component_ref idref="oc-80"/>
      </symbol>
      <symbol id="sm-58a">
         <name>_MCBSP_reset</name>
         <value>0xb5e0</value>
         <object_component_ref idref="oc-17a"/>
      </symbol>
      <symbol id="sm-58b">
         <name>_MCBSP_close</name>
         <value>0xe700</value>
         <object_component_ref idref="oc-182"/>
      </symbol>
      <symbol id="sm-58c">
         <name>_MCBSP_open</name>
         <value>0xd3a0</value>
         <object_component_ref idref="oc-165"/>
      </symbol>
      <symbol id="sm-58d">
         <name>__MCBSP_hDev0</name>
         <value>0x105a8</value>
         <object_component_ref idref="oc-87"/>
      </symbol>
      <symbol id="sm-58e">
         <name>__MCBSP_hDev1</name>
         <value>0x105ac</value>
         <object_component_ref idref="oc-87"/>
      </symbol>
      <symbol id="sm-58f">
         <name>_MCBSP_start</name>
         <value>0xd4a0</value>
         <object_component_ref idref="oc-16a"/>
      </symbol>
      <symbol id="sm-59f">
         <name>_TIMER_reset</name>
         <value>0xcb00</value>
         <object_component_ref idref="oc-18e"/>
      </symbol>
      <symbol id="sm-5a0">
         <name>_TIMER_open</name>
         <value>0xc140</value>
         <object_component_ref idref="oc-176"/>
      </symbol>
      <symbol id="sm-5a1">
         <name>__TIMER_hDev0</name>
         <value>0x10618</value>
         <object_component_ref idref="oc-8c"/>
      </symbol>
      <symbol id="sm-5a2">
         <name>__TIMER_hDev1</name>
         <value>0x1061c</value>
         <object_component_ref idref="oc-8c"/>
      </symbol>
      <symbol id="sm-5a3">
         <name>__TIMER_hBios</name>
         <value>0x10620</value>
         <object_component_ref idref="oc-8c"/>
      </symbol>
      <symbol id="sm-5a4">
         <name>__TIMER_deviceTable</name>
         <value>0x10600</value>
         <object_component_ref idref="oc-8c"/>
      </symbol>
      <symbol id="sm-5ae">
         <name>__addd</name>
         <value>0xf460</value>
         <object_component_ref idref="oc-195"/>
      </symbol>
      <symbol id="sm-5b8">
         <name>__addf</name>
         <value>0xf480</value>
         <object_component_ref idref="oc-187"/>
      </symbol>
      <symbol id="sm-5c4">
         <name>__abort_msg</name>
         <value>0xee40</value>
         <object_component_ref idref="oc-192"/>
      </symbol>
      <symbol id="sm-5d0">
         <name>_c_int00</name>
         <value>0xefc0</value>
         <object_component_ref idref="oc-e"/>
      </symbol>
      <symbol id="sm-5d1">
         <name>__stack</name>
         <value>0xf6e0</value>
         <object_component_ref idref="oc-9b"/>
      </symbol>
      <symbol id="sm-5db">
         <name>__cmpd</name>
         <value>0xf4a0</value>
         <object_component_ref idref="oc-1a1"/>
      </symbol>
      <symbol id="sm-5e5">
         <name>__cmpf</name>
         <value>0xf4c0</value>
         <object_component_ref idref="oc-1a0"/>
      </symbol>
      <symbol id="sm-5ef">
         <name>__cvtdf</name>
         <value>0xf4e0</value>
         <object_component_ref idref="oc-196"/>
      </symbol>
      <symbol id="sm-5f9">
         <name>__cvtfd</name>
         <value>0xf500</value>
         <object_component_ref idref="oc-191"/>
      </symbol>
      <symbol id="sm-603">
         <name>__tmpnams</name>
         <value>0x100c0</value>
         <object_component_ref idref="oc-ac"/>
      </symbol>
      <symbol id="sm-604">
         <name>__ft_end</name>
         <value>0x10200</value>
         <object_component_ref idref="oc-ac"/>
      </symbol>
      <symbol id="sm-605">
         <name>__ftable</name>
         <value>0xfee0</value>
         <object_component_ref idref="oc-ac"/>
      </symbol>
      <symbol id="sm-60f">
         <name>__divf</name>
         <value>0x8280</value>
         <object_component_ref idref="oc-1a2"/>
      </symbol>
      <symbol id="sm-61f">
         <name>C$$EXIT</name>
         <value>0xf660</value>
         <object_component_ref idref="oc-15f"/>
      </symbol>
      <symbol id="sm-620">
         <name>_exit</name>
         <value>0xe020</value>
         <object_component_ref idref="oc-14e"/>
      </symbol>
      <symbol id="sm-621">
         <name>___TI_enable_exit_profile_output</name>
         <value>0x1063c</value>
         <object_component_ref idref="oc-b3"/>
      </symbol>
      <symbol id="sm-622">
         <name>_abort</name>
         <value>0xf660</value>
         <object_component_ref idref="oc-15f"/>
      </symbol>
      <symbol id="sm-623">
         <name>__cleanup_ptr</name>
         <value>0x10634</value>
         <object_component_ref idref="oc-b3"/>
      </symbol>
      <symbol id="sm-624">
         <name>__dtors_ptr</name>
         <value>0x10638</value>
         <object_component_ref idref="oc-b3"/>
      </symbol>
      <symbol id="sm-630">
         <name>__doflush</name>
         <value>0xdca0</value>
         <object_component_ref idref="oc-1a5"/>
      </symbol>
      <symbol id="sm-631">
         <name>_fflush</name>
         <value>0xc640</value>
         <object_component_ref idref="oc-19f"/>
      </symbol>
      <symbol id="sm-63b">
         <name>__fixfi</name>
         <value>0xe8e0</value>
         <object_component_ref idref="oc-188"/>
      </symbol>
      <symbol id="sm-645">
         <name>__fltif</name>
         <value>0xf260</value>
         <object_component_ref idref="oc-184"/>
      </symbol>
      <symbol id="sm-653">
         <name>_fprintf</name>
         <value>0xce60</value>
         <object_component_ref idref="oc-19e"/>
      </symbol>
      <symbol id="sm-65d">
         <name>_putc</name>
         <value>0x90a0</value>
         <object_component_ref idref="oc-199"/>
      </symbol>
      <symbol id="sm-65e">
         <name>_fputc</name>
         <value>0x90a0</value>
         <object_component_ref idref="oc-199"/>
      </symbol>
      <symbol id="sm-66a">
         <name>_fputs</name>
         <value>0x50a0</value>
         <object_component_ref idref="oc-198"/>
      </symbol>
      <symbol id="sm-682">
         <name>_unlink</name>
         <value>0xec00</value>
         <object_component_ref idref="oc-1d2"/>
      </symbol>
      <symbol id="sm-683">
         <name>_lseek</name>
         <value>0xd9a0</value>
         <object_component_ref idref="oc-1b9"/>
      </symbol>
      <symbol id="sm-684">
         <name>_close</name>
         <value>0xcd40</value>
         <object_component_ref idref="oc-1cc"/>
      </symbol>
      <symbol id="sm-685">
         <name>_write</name>
         <value>0xdba0</value>
         <object_component_ref idref="oc-1a6"/>
      </symbol>
      <symbol id="sm-68f">
         <name>_memcpy</name>
         <value>0x9ca0</value>
         <object_component_ref idref="oc-150"/>
      </symbol>
      <symbol id="sm-6a5">
         <name>__sys_memory</name>
         <value>0x11000</value>
         <object_component_ref idref="oc-d4"/>
      </symbol>
      <symbol id="sm-6a6">
         <name>_free</name>
         <value>0x7180</value>
         <object_component_ref idref="oc-193"/>
      </symbol>
      <symbol id="sm-6a7">
         <name>_malloc</name>
         <value>0x9a60</value>
         <object_component_ref idref="oc-16b"/>
      </symbol>
      <symbol id="sm-6b1">
         <name>__mpyd</name>
         <value>0xf520</value>
         <object_component_ref idref="oc-194"/>
      </symbol>
      <symbol id="sm-6bb">
         <name>__mpyf</name>
         <value>0xf540</value>
         <object_component_ref idref="oc-186"/>
      </symbol>
      <symbol id="sm-6c5">
         <name>__negf</name>
         <value>0xf560</value>
         <object_component_ref idref="oc-1a3"/>
      </symbol>
      <symbol id="sm-6d3">
         <name>_printf</name>
         <value>0xdaa0</value>
         <object_component_ref idref="oc-170"/>
      </symbol>
      <symbol id="sm-6dd">
         <name>__c6xabi_strasgi</name>
         <value>0xc3c0</value>
         <object_component_ref idref="oc-16f"/>
      </symbol>
      <symbol id="sm-6de">
         <name>__strasg</name>
         <value>0xdf40</value>
         <object_component_ref idref="oc-154"/>
      </symbol>
      <symbol id="sm-6df">
         <name>__strasgi</name>
         <value>0xc3c0</value>
         <object_component_ref idref="oc-16f"/>
      </symbol>
      <symbol id="sm-6e9">
         <name>__subf</name>
         <value>0xf640</value>
         <object_component_ref idref="oc-189"/>
      </symbol>
      <symbol id="sm-701">
         <name>_HOSTopen</name>
         <value>0xc8c0</value>
         <object_component_ref idref="oc-155"/>
      </symbol>
      <symbol id="sm-702">
         <name>_HOSTread</name>
         <value>0xc000</value>
         <object_component_ref idref="oc-157"/>
      </symbol>
      <symbol id="sm-703">
         <name>_HOSTrename</name>
         <value>0x9ee0</value>
         <object_component_ref idref="oc-15b"/>
      </symbol>
      <symbol id="sm-704">
         <name>_HOSTwrite</name>
         <value>0xc9e0</value>
         <object_component_ref idref="oc-158"/>
      </symbol>
      <symbol id="sm-705">
         <name>_HOSTlseek</name>
         <value>0xbac0</value>
         <object_component_ref idref="oc-159"/>
      </symbol>
      <symbol id="sm-706">
         <name>_HOSTunlink</name>
         <value>0xd1a0</value>
         <object_component_ref idref="oc-15a"/>
      </symbol>
      <symbol id="sm-707">
         <name>_HOSTclose</name>
         <value>0xd0a0</value>
         <object_component_ref idref="oc-156"/>
      </symbol>
      <symbol id="sm-715">
         <name>C$$IO$$</name>
         <value>0xed18</value>
         <object_component_ref idref="oc-173"/>
      </symbol>
      <symbol id="sm-716">
         <name>__CIOBUF_</name>
         <value>0x116e8</value>
         <object_component_ref idref="oc-ee"/>
      </symbol>
      <symbol id="sm-717">
         <name>_readmsg</name>
         <value>0xeac0</value>
         <object_component_ref idref="oc-174"/>
      </symbol>
      <symbol id="sm-718">
         <name>_writemsg</name>
         <value>0xeca0</value>
         <object_component_ref idref="oc-173"/>
      </symbol>
      <symbol id="sm-722">
         <name>__wrt_ok</name>
         <value>0xcc20</value>
         <object_component_ref idref="oc-1a4"/>
      </symbol>
      <symbol id="sm-730">
         <name>__unlock</name>
         <value>0x10644</value>
         <object_component_ref idref="oc-f6"/>
      </symbol>
      <symbol id="sm-731">
         <name>__lock</name>
         <value>0x10640</value>
         <object_component_ref idref="oc-f6"/>
      </symbol>
      <symbol id="sm-732">
         <name>__nop</name>
         <value>0xf5a0</value>
         <object_component_ref idref="oc-15c"/>
      </symbol>
      <symbol id="sm-762">
         <name>__printfi</name>
         <value>0x4b40</value>
         <object_component_ref idref="oc-18c"/>
      </symbol>
      <symbol id="sm-76c">
         <name>__args_main</name>
         <value>0xf3c0</value>
         <object_component_ref idref="oc-14d"/>
      </symbol>
      <symbol id="sm-76d">
         <name>__TI_args_main</name>
         <value>0x1</value>
      </symbol>
      <symbol id="sm-777">
         <name>_atoi</name>
         <value>0xc500</value>
         <object_component_ref idref="oc-1a8"/>
      </symbol>
      <symbol id="sm-781">
         <name>__auto_init</name>
         <value>0xd5a0</value>
         <object_component_ref idref="oc-14c"/>
      </symbol>
      <symbol id="sm-78b">
         <name>___TI_cpp_init</name>
         <value>0xedc0</value>
         <object_component_ref idref="oc-15e"/>
      </symbol>
      <symbol id="sm-795">
         <name>_copy_in</name>
         <value>0xe440</value>
         <object_component_ref idref="oc-15d"/>
      </symbol>
      <symbol id="sm-79d">
         <name>__ctypes_</name>
         <value>0x11400</value>
         <object_component_ref idref="oc-1b0"/>
      </symbol>
      <symbol id="sm-7a7">
         <name>__divd</name>
         <value>0x3100</value>
         <object_component_ref idref="oc-1c0"/>
      </symbol>
      <symbol id="sm-7af">
         <name>__c6xabi_divu</name>
         <value>0xe380</value>
         <object_component_ref idref="oc-1c9"/>
      </symbol>
      <symbol id="sm-7b0">
         <name>__divu</name>
         <value>0xe380</value>
         <object_component_ref idref="oc-1c9"/>
      </symbol>
      <symbol id="sm-7ba">
         <name>__fixdli</name>
         <value>0xe840</value>
         <object_component_ref idref="oc-1c4"/>
      </symbol>
      <symbol id="sm-7c4">
         <name>__fltlid</name>
         <value>0xeec0</value>
         <object_component_ref idref="oc-1c6"/>
      </symbol>
      <symbol id="sm-7ce">
         <name>__frcmpyd_div</name>
         <value>0xc280</value>
         <object_component_ref idref="oc-1c8"/>
      </symbol>
      <symbol id="sm-7d8">
         <name>_fseek</name>
         <value>0xaf20</value>
         <object_component_ref idref="oc-1ae"/>
      </symbol>
      <symbol id="sm-7e6">
         <name>__divul</name>
         <value>0x95c0</value>
         <object_component_ref idref="oc-1ca"/>
      </symbol>
      <symbol id="sm-7e7">
         <name>__remli</name>
         <value>0xea20</value>
         <object_component_ref idref="oc-1ce"/>
      </symbol>
      <symbol id="sm-7e8">
         <name>__divli</name>
         <value>0xd7a0</value>
         <object_component_ref idref="oc-1cf"/>
      </symbol>
      <symbol id="sm-7f4">
         <name>__subcull</name>
         <value>0xf320</value>
         <object_component_ref idref="oc-1d1"/>
      </symbol>
      <symbol id="sm-7f5">
         <name>__divull</name>
         <value>0x6e00</value>
         <object_component_ref idref="oc-1cb"/>
      </symbol>
      <symbol id="sm-7ff">
         <name>___isinf</name>
         <value>0xf200</value>
         <object_component_ref idref="oc-1b2"/>
      </symbol>
      <symbol id="sm-80b">
         <name>__llshl</name>
         <value>0xef40</value>
         <object_component_ref idref="oc-1d0"/>
      </symbol>
      <symbol id="sm-80c">
         <name>__llshru</name>
         <value>0xf2c0</value>
         <object_component_ref idref="oc-1c7"/>
      </symbol>
      <symbol id="sm-816">
         <name>_ltoa</name>
         <value>0xc780</value>
         <object_component_ref idref="oc-1c5"/>
      </symbol>
      <symbol id="sm-820">
         <name>_memccpy</name>
         <value>0xf040</value>
         <object_component_ref idref="oc-1ab"/>
      </symbol>
      <symbol id="sm-82a">
         <name>_memset</name>
         <value>0xcf80</value>
         <object_component_ref idref="oc-1a7"/>
      </symbol>
      <symbol id="sm-834">
         <name>__mpyll</name>
         <value>0xe980</value>
         <object_component_ref idref="oc-1c2"/>
      </symbol>
      <symbol id="sm-83e">
         <name>__negll</name>
         <value>0xf580</value>
         <object_component_ref idref="oc-1b7"/>
      </symbol>
      <symbol id="sm-848">
         <name>_setvbuf</name>
         <value>0x8b40</value>
         <object_component_ref idref="oc-1af"/>
      </symbol>
      <symbol id="sm-85d">
         <name>__cleanup</name>
         <value>0xa320</value>
         <object_component_ref idref="oc-1ba"/>
      </symbol>
      <symbol id="sm-867">
         <name>__closefile</name>
         <value>0xbc20</value>
         <object_component_ref idref="oc-1c3"/>
      </symbol>
      <symbol id="sm-871">
         <name>_remove</name>
         <value>0xf680</value>
         <object_component_ref idref="oc-1cd"/>
      </symbol>
   </symbol_table>
</link_info>
